Component: Arm Compiler for Embedded 6.19 Tool: armlink [5e73cb00]

==============================================================================

Section Cross References

    gpio.o(.text.GPIO_Init) refers to gpio.o(.text.GPIO_EnableClock) for GPIO_EnableClock
    gpio.o(.text.GPIO_Init) refers to gpio.o(.text.GPIO_SetDirection) for GPIO_SetDirection
    gpio.o(.text.GPIO_Init) refers to gpio.o(.text.GPIO_SetDriveCurrent) for GPIO_SetDriveCurrent
    gpio.o(.text.GPIO_Init) refers to gpio.o(.text.GPIO_SetPull) for GPIO_SetPull
    gpio.o(.text.GPIO_Init) refers to gpio.o(.text.GPIO_DigitalEnable) for GPIO_DigitalEnable
    gpio.o(.text.GPIO_Init) refers to gpio.o(.text.GPIO_SetInterruptState) for GPIO_SetInterruptState
    gpio.o(.text.GPIO_Init) refers to gpio.o(.text.GPIO_SetSenseControl) for GPIO_SetSenseControl
    gpio.o(.text.GPIO_Init) refers to gpio.o(.text.GPIO_SetEdgeControl) for GPIO_SetEdgeControl
    gpio.o(.text.GPIO_Init) refers to gpio.o(.text.GPIO_ClearInterruptFlag) for GPIO_ClearInterruptFlag
    gpio.o(.ARM.exidx.text.GPIO_Init) refers to gpio.o(.text.GPIO_Init) for [Anonymous Symbol]
    gpio.o(.ARM.exidx.text.GPIO_EnableClock) refers to gpio.o(.text.GPIO_EnableClock) for [Anonymous Symbol]
    gpio.o(.ARM.exidx.text.GPIO_SetDirection) refers to gpio.o(.text.GPIO_SetDirection) for [Anonymous Symbol]
    gpio.o(.text.GPIO_SetDriveCurrent) refers to gpio.o(.rodata.str1.1) for .L.str.2
    gpio.o(.text.GPIO_SetDriveCurrent) refers to assert.o(.text) for __aeabi_assert
    gpio.o(.ARM.exidx.text.GPIO_SetDriveCurrent) refers to gpio.o(.text.GPIO_SetDriveCurrent) for [Anonymous Symbol]
    gpio.o(.text.GPIO_SetPull) refers to gpio.o(.rodata.str1.1) for .L.str.3
    gpio.o(.text.GPIO_SetPull) refers to assert.o(.text) for __aeabi_assert
    gpio.o(.ARM.exidx.text.GPIO_SetPull) refers to gpio.o(.text.GPIO_SetPull) for [Anonymous Symbol]
    gpio.o(.ARM.exidx.text.GPIO_DigitalEnable) refers to gpio.o(.text.GPIO_DigitalEnable) for [Anonymous Symbol]
    gpio.o(.text.GPIO_SetInterruptState) refers to gpio.o(.text.__NVIC_EnableIRQ) for __NVIC_EnableIRQ
    gpio.o(.ARM.exidx.text.GPIO_SetInterruptState) refers to gpio.o(.text.GPIO_SetInterruptState) for [Anonymous Symbol]
    gpio.o(.ARM.exidx.text.GPIO_SetSenseControl) refers to gpio.o(.text.GPIO_SetSenseControl) for [Anonymous Symbol]
    gpio.o(.ARM.exidx.text.GPIO_SetEdgeControl) refers to gpio.o(.text.GPIO_SetEdgeControl) for [Anonymous Symbol]
    gpio.o(.ARM.exidx.text.GPIO_ClearInterruptFlag) refers to gpio.o(.text.GPIO_ClearInterruptFlag) for [Anonymous Symbol]
    gpio.o(.text.GPIO_ReadPin) refers to gpio.o(.rodata.str1.1) for .L.str
    gpio.o(.text.GPIO_ReadPin) refers to assert.o(.text) for __aeabi_assert
    gpio.o(.ARM.exidx.text.GPIO_ReadPin) refers to gpio.o(.text.GPIO_ReadPin) for [Anonymous Symbol]
    gpio.o(.text.GPIO_WritePin) refers to gpio.o(.rodata.str1.1) for .L.str
    gpio.o(.text.GPIO_WritePin) refers to assert.o(.text) for __aeabi_assert
    gpio.o(.ARM.exidx.text.GPIO_WritePin) refers to gpio.o(.text.GPIO_WritePin) for [Anonymous Symbol]
    gpio.o(.text.GPIO_PortF_SetCallBack) refers to gpio.o(.bss.g_fptr_GPIO_PortF_CallbackFunc) for g_fptr_GPIO_PortF_CallbackFunc
    gpio.o(.ARM.exidx.text.GPIO_PortF_SetCallBack) refers to gpio.o(.text.GPIO_PortF_SetCallBack) for [Anonymous Symbol]
    gpio.o(.text.GPIOF_Handler) refers to gpio.o(.bss.g_fptr_GPIO_PortF_CallbackFunc) for g_fptr_GPIO_PortF_CallbackFunc
    gpio.o(.text.GPIOF_Handler) refers to gpio.o(.text.GPIO_ClearInterruptFlag) for GPIO_ClearInterruptFlag
    gpio.o(.ARM.exidx.text.GPIOF_Handler) refers to gpio.o(.text.GPIOF_Handler) for [Anonymous Symbol]
    gpio.o(.ARM.exidx.text.__NVIC_EnableIRQ) refers to gpio.o(.text.__NVIC_EnableIRQ) for [Anonymous Symbol]
    main.o(.text.main) refers to application.o(.text.APP_Init) for APP_Init
    main.o(.text.main) refers to application.o(.text.APP_Start) for APP_Start
    main.o(.ARM.exidx.text.main) refers to main.o(.text.main) for [Anonymous Symbol]
    led.o(.text.Led_Init) refers to gpio.o(.text.GPIO_Init) for GPIO_Init
    led.o(.ARM.exidx.text.Led_Init) refers to led.o(.text.Led_Init) for [Anonymous Symbol]
    led.o(.text.LED_RedOn) refers to gpio.o(.text.GPIO_WritePin) for GPIO_WritePin
    led.o(.ARM.exidx.text.LED_RedOn) refers to led.o(.text.LED_RedOn) for [Anonymous Symbol]
    led.o(.text.LED_BlueOn) refers to gpio.o(.text.GPIO_WritePin) for GPIO_WritePin
    led.o(.ARM.exidx.text.LED_BlueOn) refers to led.o(.text.LED_BlueOn) for [Anonymous Symbol]
    led.o(.text.LED_GreenOn) refers to gpio.o(.text.GPIO_WritePin) for GPIO_WritePin
    led.o(.ARM.exidx.text.LED_GreenOn) refers to led.o(.text.LED_GreenOn) for [Anonymous Symbol]
    led.o(.text.LED_AllOn) refers to gpio.o(.text.GPIO_WritePin) for GPIO_WritePin
    led.o(.ARM.exidx.text.LED_AllOn) refers to led.o(.text.LED_AllOn) for [Anonymous Symbol]
    led.o(.text.LED_AllOff) refers to gpio.o(.text.GPIO_WritePin) for GPIO_WritePin
    led.o(.ARM.exidx.text.LED_AllOff) refers to led.o(.text.LED_AllOff) for [Anonymous Symbol]
    button.o(.text.BUTTON_Init) refers to gpio.o(.text.GPIO_Init) for GPIO_Init
    button.o(.ARM.exidx.text.BUTTON_Init) refers to button.o(.text.BUTTON_Init) for [Anonymous Symbol]
    button.o(.text.BUTTON_IsPressed) refers to button.o(.text.BUTTON_Debounce) for BUTTON_Debounce
    button.o(.ARM.exidx.text.BUTTON_IsPressed) refers to button.o(.text.BUTTON_IsPressed) for [Anonymous Symbol]
    button.o(.text.BUTTON_Debounce) refers to gpio.o(.text.GPIO_ReadPin) for GPIO_ReadPin
    button.o(.ARM.exidx.text.BUTTON_Debounce) refers to button.o(.text.BUTTON_Debounce) for [Anonymous Symbol]
    application.o(.text.APP_Init) refers to led_config.o(.data.usr_led_config) for usr_led_config
    application.o(.text.APP_Init) refers to led.o(.text.Led_Init) for Led_Init
    application.o(.text.APP_Init) refers to button_config.o(.data.usr_button_config) for usr_button_config
    application.o(.text.APP_Init) refers to button.o(.text.BUTTON_Init) for BUTTON_Init
    application.o(.text.APP_Init) refers to timer_config.o(.data.myTimerConfig) for myTimerConfig
    application.o(.text.APP_Init) refers to timer.o(.text.TIMER_Init) for TIMER_Init
    application.o(.text.APP_Init) refers to application.o(.text.ButtonInterrupt) for ButtonInterrupt
    application.o(.text.APP_Init) refers to gpio.o(.text.GPIO_PortF_SetCallBack) for GPIO_PortF_SetCallBack
    application.o(.ARM.exidx.text.APP_Init) refers to application.o(.text.APP_Init) for [Anonymous Symbol]
    application.o(.text.ButtonInterrupt) refers to application.o(.bss.g_APP_SequenceState) for g_APP_SequenceState
    application.o(.ARM.exidx.text.ButtonInterrupt) refers to application.o(.text.ButtonInterrupt) for [Anonymous Symbol]
    application.o(.text.APP_Start) refers to application.o(.bss.g_APP_SequenceState) for g_APP_SequenceState
    application.o(.text.APP_Start) refers to led_config.o(.data.usr_led_config) for usr_led_config
    application.o(.text.APP_Start) refers to led.o(.text.LED_GreenOn) for LED_GreenOn
    application.o(.text.APP_Start) refers to application.o(.data.AppStages) for AppStages
    application.o(.text.APP_Start) refers to timer_config.o(.data.myTimerConfig) for myTimerConfig
    application.o(.text.APP_Start) refers to timer.o(.text.TIMER_DelayMS) for TIMER_DelayMS
    application.o(.text.APP_Start) refers to led.o(.text.LED_AllOff) for LED_AllOff
    application.o(.ARM.exidx.text.APP_Start) refers to application.o(.text.APP_Start) for [Anonymous Symbol]
    systick.o(.text.SYSTICK_Init) refers to systick.o(.bss.g_SYSTICK_InitStatus) for g_SYSTICK_InitStatus
    systick.o(.ARM.exidx.text.SYSTICK_Init) refers to systick.o(.text.SYSTICK_Init) for [Anonymous Symbol]
    systick.o(.ARM.exidx.text.SYSTICK_DeInit) refers to systick.o(.text.SYSTICK_DeInit) for [Anonymous Symbol]
    systick.o(.ARM.exidx.text.SYSTICK_StartTimer) refers to systick.o(.text.SYSTICK_StartTimer) for [Anonymous Symbol]
    systick.o(.ARM.exidx.text.SYSTICK_StopTimer) refers to systick.o(.text.SYSTICK_StopTimer) for [Anonymous Symbol]
    systick.o(.ARM.exidx.text.SYSTICK_ResetTimer) refers to systick.o(.text.SYSTICK_ResetTimer) for [Anonymous Symbol]
    systick.o(.text.SYSTICK_Delay_ms) refers to systick.o(.text.SYSTICK_ResetTimer) for SYSTICK_ResetTimer
    systick.o(.text.SYSTICK_Delay_ms) refers to systick.o(.text.SYSTICK_StartTimer) for SYSTICK_StartTimer
    systick.o(.text.SYSTICK_Delay_ms) refers to systick.o(.text.SYSTICK_GetStatus) for SYSTICK_GetStatus
    systick.o(.text.SYSTICK_Delay_ms) refers to systick.o(.text.SYSTICK_StopTimer) for SYSTICK_StopTimer
    systick.o(.ARM.exidx.text.SYSTICK_Delay_ms) refers to systick.o(.text.SYSTICK_Delay_ms) for [Anonymous Symbol]
    systick.o(.ARM.exidx.text.SYSTICK_GetStatus) refers to systick.o(.text.SYSTICK_GetStatus) for [Anonymous Symbol]
    timer.o(.ARM.exidx.text.TIMER_ClearTimeoutFlag) refers to timer.o(.text.TIMER_ClearTimeoutFlag) for [Anonymous Symbol]
    timer.o(.text.TIMER_Init) refers to timer.o(.text.TIMER_EnableClock) for TIMER_EnableClock
    timer.o(.text.TIMER_Init) refers to timer.o(.text.TIMER_DisableTimerX) for TIMER_DisableTimerX
    timer.o(.text.TIMER_Init) refers to timer.o(.text.TIMER_WidthSelect) for TIMER_WidthSelect
    timer.o(.text.TIMER_Init) refers to timer.o(.text.TIMER_OperationMode) for TIMER_OperationMode
    timer.o(.text.TIMER_Init) refers to timer.o(.text.TIMER_CountDirection) for TIMER_CountDirection
    timer.o(.text.TIMER_Init) refers to timer.o(.text.TIMER_LoadTimer) for TIMER_LoadTimer
    timer.o(.text.TIMER_Init) refers to timer.o(.text.TIMER_ClearTimeoutFlag) for TIMER_ClearTimeoutFlag
    timer.o(.text.TIMER_Init) refers to timer.o(.text.TIMER_EnableTimerX) for TIMER_EnableTimerX
    timer.o(.ARM.exidx.text.TIMER_Init) refers to timer.o(.text.TIMER_Init) for [Anonymous Symbol]
    timer.o(.ARM.exidx.text.TIMER_EnableClock) refers to timer.o(.text.TIMER_EnableClock) for [Anonymous Symbol]
    timer.o(.ARM.exidx.text.TIMER_DisableTimerX) refers to timer.o(.text.TIMER_DisableTimerX) for [Anonymous Symbol]
    timer.o(.ARM.exidx.text.TIMER_WidthSelect) refers to timer.o(.text.TIMER_WidthSelect) for [Anonymous Symbol]
    timer.o(.ARM.exidx.text.TIMER_OperationMode) refers to timer.o(.text.TIMER_OperationMode) for [Anonymous Symbol]
    timer.o(.ARM.exidx.text.TIMER_CountDirection) refers to timer.o(.text.TIMER_CountDirection) for [Anonymous Symbol]
    timer.o(.ARM.exidx.text.TIMER_LoadTimer) refers to timer.o(.text.TIMER_LoadTimer) for [Anonymous Symbol]
    timer.o(.ARM.exidx.text.TIMER_EnableTimerX) refers to timer.o(.text.TIMER_EnableTimerX) for [Anonymous Symbol]
    timer.o(.ARM.exidx.text.TIMER_GetStatus) refers to timer.o(.text.TIMER_GetStatus) for [Anonymous Symbol]
    timer.o(.text.TIMER_DelayMS) refers to timer.o(.text.TIMER_GetStatus) for TIMER_GetStatus
    timer.o(.text.TIMER_DelayMS) refers to timer.o(.text.TIMER_ClearTimeoutFlag) for TIMER_ClearTimeoutFlag
    timer.o(.ARM.exidx.text.TIMER_DelayMS) refers to timer.o(.text.TIMER_DelayMS) for [Anonymous Symbol]
    startup_tm4c123.o(STACK) refers (Special) to heapauxi.o(.text) for __use_two_region_memory
    startup_tm4c123.o(HEAP) refers (Special) to heapauxi.o(.text) for __use_two_region_memory
    startup_tm4c123.o(RESET) refers (Special) to heapauxi.o(.text) for __use_two_region_memory
    startup_tm4c123.o(RESET) refers to startup_tm4c123.o(STACK) for __initial_sp
    startup_tm4c123.o(RESET) refers to startup_tm4c123.o(.text) for Reset_Handler
    startup_tm4c123.o(RESET) refers to gpio.o(.text.GPIOF_Handler) for GPIOF_Handler
    startup_tm4c123.o(.text) refers (Special) to heapauxi.o(.text) for __use_two_region_memory
    startup_tm4c123.o(.text) refers to system_tm4c123.o(.text.SystemInit) for SystemInit
    startup_tm4c123.o(.text) refers to __main.o(!!!main) for __main
    startup_tm4c123.o(.text) refers to startup_tm4c123.o(HEAP) for Heap_Mem
    startup_tm4c123.o(.text) refers to startup_tm4c123.o(STACK) for Stack_Mem
    system_tm4c123.o(.text.SystemCoreClockUpdate) refers to system_tm4c123.o(.text.getOscClk) for getOscClk
    system_tm4c123.o(.text.SystemCoreClockUpdate) refers to system_tm4c123.o(.data.SystemCoreClock) for SystemCoreClock
    system_tm4c123.o(.ARM.exidx.text.SystemCoreClockUpdate) refers to system_tm4c123.o(.text.SystemCoreClockUpdate) for [Anonymous Symbol]
    system_tm4c123.o(.ARM.exidx.text.getOscClk) refers to system_tm4c123.o(.text.getOscClk) for [Anonymous Symbol]
    system_tm4c123.o(.ARM.exidx.text.SystemInit) refers to system_tm4c123.o(.text.SystemInit) for [Anonymous Symbol]
    assert.o(.text) refers to assert_puts.o(.text) for __assert_puts
    assert.o(.text) refers to abort.o(.text) for abort
    __main.o(!!!main) refers to __rtentry.o(.ARM.Collect$$rtentry$$00000000) for __rt_entry
    __rtentry.o(.ARM.Collect$$rtentry$$00000000) refers (Special) to __rtentry2.o(.ARM.Collect$$rtentry$$0000000A) for __rt_entry_li
    __rtentry.o(.ARM.Collect$$rtentry$$00000000) refers (Special) to __rtentry2.o(.ARM.Collect$$rtentry$$0000000D) for __rt_entry_main
    __rtentry.o(.ARM.Collect$$rtentry$$00000000) refers (Special) to __rtentry2.o(.ARM.Collect$$rtentry$$0000000C) for __rt_entry_postli_1
    __rtentry.o(.ARM.Collect$$rtentry$$00000000) refers (Special) to __rtentry2.o(.ARM.Collect$$rtentry$$00000009) for __rt_entry_postsh_1
    __rtentry.o(.ARM.Collect$$rtentry$$00000000) refers (Special) to __rtentry2.o(.ARM.Collect$$rtentry$$00000002) for __rt_entry_presh_1
    __rtentry.o(.ARM.Collect$$rtentry$$00000000) refers (Special) to __rtentry4.o(.ARM.Collect$$rtentry$$00000004) for __rt_entry_sh
    abort.o(.text) refers to defsig_abrt_outer.o(.text) for __rt_SIGABRT
    abort.o(.text) refers (Weak) to libshutdown.o(.ARM.Collect$$libshutdown$$00000000) for __rt_lib_shutdown
    abort.o(.text) refers to sys_exit.o(.text) for _sys_exit
    assert_puts.o(.text) refers to sys_wrch.o(.text) for _ttywrch
    sys_wrch.o(.text) refers (Special) to use_no_semi.o(.text) for __I$use$semihosting
    sys_wrch.o(.text) refers (Special) to indicate_semi.o(.text) for __semihosting_library_function
    sys_exit.o(.text) refers (Special) to use_no_semi.o(.text) for __I$use$semihosting
    sys_exit.o(.text) refers (Special) to indicate_semi.o(.text) for __semihosting_library_function
    sys_wrch_hlt.o(.text) refers (Special) to use_no_semi.o(.text) for __I$use$semihosting
    sys_wrch_hlt.o(.text) refers (Special) to indicate_semi.o(.text) for __semihosting_library_function
    sys_exit_hlt.o(.text) refers (Special) to use_no_semi.o(.text) for __I$use$semihosting
    sys_exit_hlt.o(.text) refers (Special) to indicate_semi.o(.text) for __semihosting_library_function
    __rtentry2.o(.ARM.Collect$$rtentry$$00000008) refers to boardinit2.o(.text) for _platform_post_stackheap_init
    __rtentry2.o(.ARM.Collect$$rtentry$$0000000A) refers to libinit.o(.ARM.Collect$$libinit$$00000000) for __rt_lib_init
    __rtentry2.o(.ARM.Collect$$rtentry$$0000000B) refers to boardinit3.o(.text) for _platform_post_lib_init
    __rtentry2.o(.ARM.Collect$$rtentry$$0000000D) refers to main.o(.text.main) for main
    __rtentry2.o(.ARM.Collect$$rtentry$$0000000D) refers to exit.o(.text) for exit
    __rtentry2.o(.ARM.exidx) refers to __rtentry2.o(.ARM.Collect$$rtentry$$00000001) for .ARM.Collect$$rtentry$$00000001
    __rtentry2.o(.ARM.exidx) refers to __rtentry2.o(.ARM.Collect$$rtentry$$00000008) for .ARM.Collect$$rtentry$$00000008
    __rtentry2.o(.ARM.exidx) refers to __rtentry2.o(.ARM.Collect$$rtentry$$0000000A) for .ARM.Collect$$rtentry$$0000000A
    __rtentry2.o(.ARM.exidx) refers to __rtentry2.o(.ARM.Collect$$rtentry$$0000000B) for .ARM.Collect$$rtentry$$0000000B
    __rtentry2.o(.ARM.exidx) refers to __rtentry2.o(.ARM.Collect$$rtentry$$0000000D) for .ARM.Collect$$rtentry$$0000000D
    __rtentry4.o(.ARM.Collect$$rtentry$$00000004) refers to sys_stackheap_outer.o(.text) for __user_setup_stackheap
    __rtentry4.o(.ARM.exidx) refers to __rtentry4.o(.ARM.Collect$$rtentry$$00000004) for .ARM.Collect$$rtentry$$00000004
    defsig_abrt_outer.o(.text) refers to defsig_abrt_inner.o(.text) for __rt_SIGABRT_inner
    defsig_abrt_outer.o(.text) refers to defsig_exit.o(.text) for __sig_exit
    defsig_abrt_formal.o(.text) refers to rt_raise.o(.text) for __rt_raise
    sys_stackheap_outer.o(.text) refers to libspace.o(.text) for __user_perproc_libspace
    sys_stackheap_outer.o(.text) refers to startup_tm4c123.o(.text) for __user_initial_stackheap
    rt_raise.o(.text) refers to __raise.o(.text) for __raise
    rt_raise.o(.text) refers to sys_exit.o(.text) for _sys_exit
    exit.o(.text) refers to rtexit.o(.ARM.Collect$$rtexit$$00000000) for __rt_exit
    defsig_exit.o(.text) refers to sys_exit.o(.text) for _sys_exit
    defsig_abrt_inner.o(.text) refers to defsig_general.o(.text) for __default_signal_display
    libinit.o(.ARM.Collect$$libinit$$00000000) refers (Special) to libinit2.o(.ARM.Collect$$libinit$$00000030) for __rt_lib_init_alloca_1
    libinit.o(.ARM.Collect$$libinit$$00000000) refers (Special) to libinit2.o(.ARM.Collect$$libinit$$0000002E) for __rt_lib_init_argv_1
    libinit.o(.ARM.Collect$$libinit$$00000000) refers (Special) to libinit2.o(.ARM.Collect$$libinit$$0000001D) for __rt_lib_init_atexit_1
    libinit.o(.ARM.Collect$$libinit$$00000000) refers (Special) to libinit2.o(.ARM.Collect$$libinit$$00000023) for __rt_lib_init_clock_1
    libinit.o(.ARM.Collect$$libinit$$00000000) refers (Special) to libinit2.o(.ARM.Collect$$libinit$$00000034) for __rt_lib_init_cpp_1
    libinit.o(.ARM.Collect$$libinit$$00000000) refers (Special) to libinit2.o(.ARM.Collect$$libinit$$00000032) for __rt_lib_init_exceptions_1
    libinit.o(.ARM.Collect$$libinit$$00000000) refers (Special) to libinit2.o(.ARM.Collect$$libinit$$00000001) for __rt_lib_init_fp_1
    libinit.o(.ARM.Collect$$libinit$$00000000) refers (Special) to libinit2.o(.ARM.Collect$$libinit$$00000021) for __rt_lib_init_fp_trap_1
    libinit.o(.ARM.Collect$$libinit$$00000000) refers (Special) to libinit2.o(.ARM.Collect$$libinit$$00000025) for __rt_lib_init_getenv_1
    libinit.o(.ARM.Collect$$libinit$$00000000) refers (Special) to libinit2.o(.ARM.Collect$$libinit$$0000000C) for __rt_lib_init_heap_1
    libinit.o(.ARM.Collect$$libinit$$00000000) refers (Special) to libinit2.o(.ARM.Collect$$libinit$$00000013) for __rt_lib_init_lc_collate_1
    libinit.o(.ARM.Collect$$libinit$$00000000) refers (Special) to libinit2.o(.ARM.Collect$$libinit$$00000015) for __rt_lib_init_lc_ctype_1
    libinit.o(.ARM.Collect$$libinit$$00000000) refers (Special) to libinit2.o(.ARM.Collect$$libinit$$00000017) for __rt_lib_init_lc_monetary_1
    libinit.o(.ARM.Collect$$libinit$$00000000) refers (Special) to libinit2.o(.ARM.Collect$$libinit$$00000019) for __rt_lib_init_lc_numeric_1
    libinit.o(.ARM.Collect$$libinit$$00000000) refers (Special) to libinit2.o(.ARM.Collect$$libinit$$0000001B) for __rt_lib_init_lc_time_1
    libinit.o(.ARM.Collect$$libinit$$00000000) refers (Special) to libinit2.o(.ARM.Collect$$libinit$$00000006) for __rt_lib_init_preinit_1
    libinit.o(.ARM.Collect$$libinit$$00000000) refers (Special) to libinit2.o(.ARM.Collect$$libinit$$00000010) for __rt_lib_init_rand_1
    libinit.o(.ARM.Collect$$libinit$$00000000) refers (Special) to libinit2.o(.ARM.Collect$$libinit$$00000004) for __rt_lib_init_relocate_pie_1
    libinit.o(.ARM.Collect$$libinit$$00000000) refers (Special) to libinit2.o(.ARM.Collect$$libinit$$00000035) for __rt_lib_init_return
    libinit.o(.ARM.Collect$$libinit$$00000000) refers (Special) to libinit2.o(.ARM.Collect$$libinit$$0000001F) for __rt_lib_init_signal_1
    libinit.o(.ARM.Collect$$libinit$$00000000) refers (Special) to libinit2.o(.ARM.Collect$$libinit$$00000027) for __rt_lib_init_stdio_1
    libinit.o(.ARM.Collect$$libinit$$00000000) refers (Special) to libinit2.o(.ARM.Collect$$libinit$$0000000E) for __rt_lib_init_user_alloc_1
    libspace.o(.text) refers to libspace.o(.bss) for __libspace_start
    rtexit.o(.ARM.Collect$$rtexit$$00000000) refers (Special) to rtexit2.o(.ARM.Collect$$rtexit$$00000004) for __rt_exit_exit
    rtexit.o(.ARM.Collect$$rtexit$$00000000) refers (Special) to rtexit2.o(.ARM.Collect$$rtexit$$00000003) for __rt_exit_ls
    rtexit.o(.ARM.Collect$$rtexit$$00000000) refers (Special) to rtexit2.o(.ARM.Collect$$rtexit$$00000002) for __rt_exit_prels_1
    rtexit.o(.ARM.exidx) refers (Special) to rtexit2.o(.ARM.Collect$$rtexit$$00000004) for __rt_exit_exit
    rtexit.o(.ARM.exidx) refers (Special) to rtexit2.o(.ARM.Collect$$rtexit$$00000003) for __rt_exit_ls
    rtexit.o(.ARM.exidx) refers (Special) to rtexit2.o(.ARM.Collect$$rtexit$$00000002) for __rt_exit_prels_1
    rtexit.o(.ARM.exidx) refers to rtexit.o(.ARM.Collect$$rtexit$$00000000) for .ARM.Collect$$rtexit$$00000000
    __raise.o(.text) refers to defsig.o(CL$$defsig) for __default_signal_handler
    defsig_general.o(.text) refers to sys_wrch.o(.text) for _ttywrch
    libinit2.o(.ARM.Collect$$libinit$$00000001) refers to fpinit.o(x$fpl$fpinit) for _fp_init
    libinit2.o(.ARM.Collect$$libinit$$00000012) refers to libinit2.o(.ARM.Collect$$libinit$$00000011) for .ARM.Collect$$libinit$$00000011
    libinit2.o(.ARM.Collect$$libinit$$00000014) refers to libinit2.o(.ARM.Collect$$libinit$$00000011) for .ARM.Collect$$libinit$$00000011
    libinit2.o(.ARM.Collect$$libinit$$00000016) refers to libinit2.o(.ARM.Collect$$libinit$$00000011) for .ARM.Collect$$libinit$$00000011
    libinit2.o(.ARM.Collect$$libinit$$00000018) refers to libinit2.o(.ARM.Collect$$libinit$$00000011) for .ARM.Collect$$libinit$$00000011
    libinit2.o(.ARM.Collect$$libinit$$0000001A) refers to libinit2.o(.ARM.Collect$$libinit$$00000011) for .ARM.Collect$$libinit$$00000011
    libinit2.o(.ARM.Collect$$libinit$$00000028) refers to argv_veneer.o(.emb_text) for __ARM_argv_veneer
    libinit2.o(.ARM.Collect$$libinit$$00000029) refers to argv_veneer.o(.emb_text) for __ARM_argv_veneer
    rtexit2.o(.ARM.Collect$$rtexit$$00000003) refers to libshutdown.o(.ARM.Collect$$libshutdown$$00000000) for __rt_lib_shutdown
    rtexit2.o(.ARM.Collect$$rtexit$$00000004) refers to sys_exit.o(.text) for _sys_exit
    rtexit2.o(.ARM.exidx) refers to rtexit2.o(.ARM.Collect$$rtexit$$00000001) for .ARM.Collect$$rtexit$$00000001
    rtexit2.o(.ARM.exidx) refers to rtexit2.o(.ARM.Collect$$rtexit$$00000003) for .ARM.Collect$$rtexit$$00000003
    rtexit2.o(.ARM.exidx) refers to rtexit2.o(.ARM.Collect$$rtexit$$00000004) for .ARM.Collect$$rtexit$$00000004
    defsig.o(CL$$defsig) refers to defsig_abrt_inner.o(.text) for __rt_SIGABRT_inner
    defsig.o(CL$$defsig) refers to defsig_rtmem_inner.o(.text) for __rt_SIGRTMEM_inner
    argv_veneer.o(.emb_text) refers to no_argv.o(.text) for __ARM_get_argv
    defsig_fpe_inner.o(.text) refers to defsig_general.o(.text) for __default_signal_display
    defsig_rtred_inner.o(.text) refers to defsig_general.o(.text) for __default_signal_display
    defsig_rtmem_inner.o(.text) refers to defsig_general.o(.text) for __default_signal_display
    defsig_stak_inner.o(.text) refers to defsig_general.o(.text) for __default_signal_display
    defsig_pvfn_inner.o(.text) refers to defsig_general.o(.text) for __default_signal_display
    defsig_cppl_inner.o(.text) refers to defsig_general.o(.text) for __default_signal_display
    defsig_segv_inner.o(.text) refers to defsig_general.o(.text) for __default_signal_display
    defsig_other.o(.text) refers to defsig_general.o(.text) for __default_signal_display
    _get_argv_nomalloc.o(.text) refers (Special) to hrguard.o(.text) for __heap_region$guard
    _get_argv_nomalloc.o(.text) refers to defsig_rtmem_outer.o(.text) for __rt_SIGRTMEM
    _get_argv_nomalloc.o(.text) refers to sys_command.o(.text) for _sys_command_string
    libshutdown.o(.ARM.Collect$$libshutdown$$00000000) refers (Special) to libshutdown2.o(.ARM.Collect$$libshutdown$$00000002) for __rt_lib_shutdown_cpp_1
    libshutdown.o(.ARM.Collect$$libshutdown$$00000000) refers (Special) to libshutdown2.o(.ARM.Collect$$libshutdown$$00000007) for __rt_lib_shutdown_fp_trap_1
    libshutdown.o(.ARM.Collect$$libshutdown$$00000000) refers (Special) to libshutdown2.o(.ARM.Collect$$libshutdown$$0000000F) for __rt_lib_shutdown_heap_1
    libshutdown.o(.ARM.Collect$$libshutdown$$00000000) refers (Special) to libshutdown2.o(.ARM.Collect$$libshutdown$$00000010) for __rt_lib_shutdown_return
    libshutdown.o(.ARM.Collect$$libshutdown$$00000000) refers (Special) to libshutdown2.o(.ARM.Collect$$libshutdown$$0000000A) for __rt_lib_shutdown_signal_1
    libshutdown.o(.ARM.Collect$$libshutdown$$00000000) refers (Special) to libshutdown2.o(.ARM.Collect$$libshutdown$$00000004) for __rt_lib_shutdown_stdio_1
    libshutdown.o(.ARM.Collect$$libshutdown$$00000000) refers (Special) to libshutdown2.o(.ARM.Collect$$libshutdown$$0000000C) for __rt_lib_shutdown_user_alloc_1
    sys_command.o(.text) refers (Special) to use_no_semi.o(.text) for __I$use$semihosting
    sys_command.o(.text) refers (Special) to indicate_semi.o(.text) for __semihosting_library_function
    sys_command_hlt.o(.text) refers (Special) to use_no_semi.o(.text) for __I$use$semihosting
    sys_command_hlt.o(.text) refers (Special) to indicate_semi.o(.text) for __semihosting_library_function
    defsig_rtmem_outer.o(.text) refers to defsig_rtmem_inner.o(.text) for __rt_SIGRTMEM_inner
    defsig_rtmem_outer.o(.text) refers to defsig_exit.o(.text) for __sig_exit
    defsig_rtmem_formal.o(.text) refers to rt_raise.o(.text) for __rt_raise


==============================================================================

Removing Unused input sections from the image.

    Removing gpio.o(.text), (0 bytes).
    Removing gpio.o(.ARM.exidx.text.GPIO_Init), (8 bytes).
    Removing gpio.o(.ARM.exidx.text.GPIO_EnableClock), (8 bytes).
    Removing gpio.o(.ARM.exidx.text.GPIO_SetDirection), (8 bytes).
    Removing gpio.o(.ARM.exidx.text.GPIO_SetDriveCurrent), (8 bytes).
    Removing gpio.o(.ARM.exidx.text.GPIO_SetPull), (8 bytes).
    Removing gpio.o(.ARM.exidx.text.GPIO_DigitalEnable), (8 bytes).
    Removing gpio.o(.ARM.exidx.text.GPIO_SetInterruptState), (8 bytes).
    Removing gpio.o(.ARM.exidx.text.GPIO_SetSenseControl), (8 bytes).
    Removing gpio.o(.ARM.exidx.text.GPIO_SetEdgeControl), (8 bytes).
    Removing gpio.o(.ARM.exidx.text.GPIO_ClearInterruptFlag), (8 bytes).
    Removing gpio.o(.text.GPIO_ReadPin), (416 bytes).
    Removing gpio.o(.ARM.exidx.text.GPIO_ReadPin), (8 bytes).
    Removing gpio.o(.ARM.exidx.text.GPIO_WritePin), (8 bytes).
    Removing gpio.o(.ARM.exidx.text.GPIO_PortF_SetCallBack), (8 bytes).
    Removing gpio.o(.ARM.exidx.text.GPIOF_Handler), (8 bytes).
    Removing gpio.o(.ARM.exidx.text.__NVIC_EnableIRQ), (8 bytes).
    Removing main.o(.text), (0 bytes).
    Removing main.o(.ARM.exidx.text.main), (8 bytes).
    Removing main.o(.ARM.use_no_argv), (4 bytes).
    Removing led.o(.text), (0 bytes).
    Removing led.o(.ARM.exidx.text.Led_Init), (8 bytes).
    Removing led.o(.text.LED_RedOn), (40 bytes).
    Removing led.o(.ARM.exidx.text.LED_RedOn), (8 bytes).
    Removing led.o(.text.LED_BlueOn), (40 bytes).
    Removing led.o(.ARM.exidx.text.LED_BlueOn), (8 bytes).
    Removing led.o(.ARM.exidx.text.LED_GreenOn), (8 bytes).
    Removing led.o(.text.LED_AllOn), (40 bytes).
    Removing led.o(.ARM.exidx.text.LED_AllOn), (8 bytes).
    Removing led.o(.ARM.exidx.text.LED_AllOff), (8 bytes).
    Removing led_config.o(.text), (0 bytes).
    Removing button.o(.text), (0 bytes).
    Removing button.o(.ARM.exidx.text.BUTTON_Init), (8 bytes).
    Removing button.o(.text.BUTTON_IsPressed), (20 bytes).
    Removing button.o(.ARM.exidx.text.BUTTON_IsPressed), (8 bytes).
    Removing button.o(.text.BUTTON_Debounce), (68 bytes).
    Removing button.o(.ARM.exidx.text.BUTTON_Debounce), (8 bytes).
    Removing button_config.o(.text), (0 bytes).
    Removing application.o(.text), (0 bytes).
    Removing application.o(.ARM.exidx.text.APP_Init), (8 bytes).
    Removing application.o(.ARM.exidx.text.ButtonInterrupt), (8 bytes).
    Removing application.o(.ARM.exidx.text.APP_Start), (8 bytes).
    Removing systick.o(.text), (0 bytes).
    Removing systick.o(.text.SYSTICK_Init), (114 bytes).
    Removing systick.o(.ARM.exidx.text.SYSTICK_Init), (8 bytes).
    Removing systick.o(.text.SYSTICK_DeInit), (16 bytes).
    Removing systick.o(.ARM.exidx.text.SYSTICK_DeInit), (8 bytes).
    Removing systick.o(.text.SYSTICK_StartTimer), (16 bytes).
    Removing systick.o(.ARM.exidx.text.SYSTICK_StartTimer), (8 bytes).
    Removing systick.o(.text.SYSTICK_StopTimer), (16 bytes).
    Removing systick.o(.ARM.exidx.text.SYSTICK_StopTimer), (8 bytes).
    Removing systick.o(.text.SYSTICK_ResetTimer), (12 bytes).
    Removing systick.o(.ARM.exidx.text.SYSTICK_ResetTimer), (8 bytes).
    Removing systick.o(.text.SYSTICK_Delay_ms), (94 bytes).
    Removing systick.o(.ARM.exidx.text.SYSTICK_Delay_ms), (8 bytes).
    Removing systick.o(.text.SYSTICK_GetStatus), (40 bytes).
    Removing systick.o(.ARM.exidx.text.SYSTICK_GetStatus), (8 bytes).
    Removing systick.o(.bss.g_SYSTICK_InitStatus), (1 bytes).
    Removing systick_config.o(.text), (0 bytes).
    Removing systick_config.o(.data.usr_systick_config), (8 bytes).
    Removing timer.o(.text), (0 bytes).
    Removing timer.o(.ARM.exidx.text.TIMER_ClearTimeoutFlag), (8 bytes).
    Removing timer.o(.ARM.exidx.text.TIMER_Init), (8 bytes).
    Removing timer.o(.ARM.exidx.text.TIMER_EnableClock), (8 bytes).
    Removing timer.o(.ARM.exidx.text.TIMER_DisableTimerX), (8 bytes).
    Removing timer.o(.ARM.exidx.text.TIMER_WidthSelect), (8 bytes).
    Removing timer.o(.ARM.exidx.text.TIMER_OperationMode), (8 bytes).
    Removing timer.o(.ARM.exidx.text.TIMER_CountDirection), (8 bytes).
    Removing timer.o(.ARM.exidx.text.TIMER_LoadTimer), (8 bytes).
    Removing timer.o(.ARM.exidx.text.TIMER_EnableTimerX), (8 bytes).
    Removing timer.o(.ARM.exidx.text.TIMER_GetStatus), (8 bytes).
    Removing timer.o(.ARM.exidx.text.TIMER_DelayMS), (8 bytes).
    Removing timer_config.o(.text), (0 bytes).
    Removing system_tm4c123.o(.text), (0 bytes).
    Removing system_tm4c123.o(.text.SystemCoreClockUpdate), (326 bytes).
    Removing system_tm4c123.o(.ARM.exidx.text.SystemCoreClockUpdate), (8 bytes).
    Removing system_tm4c123.o(.text.getOscClk), (360 bytes).
    Removing system_tm4c123.o(.ARM.exidx.text.getOscClk), (8 bytes).
    Removing system_tm4c123.o(.ARM.exidx.text.SystemInit), (8 bytes).
    Removing system_tm4c123.o(.data.SystemCoreClock), (4 bytes).

80 unused section(s) (total 2027 bytes) removed from the image.

==============================================================================

Image Symbol Table

    Local Symbols

    Symbol Name                              Value     Ov Type        Size  Object(Section)

    ../clib/angel/boardlib.s                 0x00000000   Number         0  boardinit1.o ABSOLUTE
    ../clib/angel/boardlib.s                 0x00000000   Number         0  boardinit2.o ABSOLUTE
    ../clib/angel/boardlib.s                 0x00000000   Number         0  boardinit3.o ABSOLUTE
    ../clib/angel/boardlib.s                 0x00000000   Number         0  boardshut.o ABSOLUTE
    ../clib/angel/handlers.s                 0x00000000   Number         0  __scatter_copy.o ABSOLUTE
    ../clib/angel/handlers.s                 0x00000000   Number         0  __scatter_zi.o ABSOLUTE
    ../clib/angel/kernel.s                   0x00000000   Number         0  __rtentry.o ABSOLUTE
    ../clib/angel/kernel.s                   0x00000000   Number         0  __rtentry2.o ABSOLUTE
    ../clib/angel/kernel.s                   0x00000000   Number         0  __rtentry4.o ABSOLUTE
    ../clib/angel/kernel.s                   0x00000000   Number         0  rtexit.o ABSOLUTE
    ../clib/angel/kernel.s                   0x00000000   Number         0  rtexit2.o ABSOLUTE
    ../clib/angel/rt.s                       0x00000000   Number         0  rt_raise.o ABSOLUTE
    ../clib/angel/scatter.s                  0x00000000   Number         0  __scatter.o ABSOLUTE
    ../clib/angel/startup.s                  0x00000000   Number         0  __main.o ABSOLUTE
    ../clib/angel/sys.s                      0x00000000   Number         0  use_no_semi.o ABSOLUTE
    ../clib/angel/sys.s                      0x00000000   Number         0  indicate_semi.o ABSOLUTE
    ../clib/angel/sys.s                      0x00000000   Number         0  sys_stackheap_outer.o ABSOLUTE
    ../clib/angel/sys.s                      0x00000000   Number         0  libspace.o ABSOLUTE
    ../clib/angel/sysapp.c                   0x00000000   Number         0  sys_wrch.o ABSOLUTE
    ../clib/angel/sysapp.c                   0x00000000   Number         0  sys_exit.o ABSOLUTE
    ../clib/angel/sysapp.c                   0x00000000   Number         0  sys_wrch_hlt.o ABSOLUTE
    ../clib/angel/sysapp.c                   0x00000000   Number         0  sys_exit_hlt.o ABSOLUTE
    ../clib/angel/sysapp.c                   0x00000000   Number         0  sys_command.o ABSOLUTE
    ../clib/angel/sysapp.c                   0x00000000   Number         0  sys_command_hlt.o ABSOLUTE
    ../clib/armsys.c                         0x00000000   Number         0  argv_veneer.o ABSOLUTE
    ../clib/armsys.c                         0x00000000   Number         0  argv_veneer.o ABSOLUTE
    ../clib/armsys.c                         0x00000000   Number         0  _get_argv_nomalloc.o ABSOLUTE
    ../clib/armsys.c                         0x00000000   Number         0  no_argv.o ABSOLUTE
    ../clib/assert.c                         0x00000000   Number         0  assert.o ABSOLUTE
    ../clib/assert.c                         0x00000000   Number         0  assert_puts.o ABSOLUTE
    ../clib/heapalloc.c                      0x00000000   Number         0  hrguard.o ABSOLUTE
    ../clib/heapaux.c                        0x00000000   Number         0  heapauxi.o ABSOLUTE
    ../clib/libinit.s                        0x00000000   Number         0  libinit.o ABSOLUTE
    ../clib/libinit.s                        0x00000000   Number         0  libinit2.o ABSOLUTE
    ../clib/libinit.s                        0x00000000   Number         0  libshutdown.o ABSOLUTE
    ../clib/libinit.s                        0x00000000   Number         0  libshutdown2.o ABSOLUTE
    ../clib/signal.c                         0x00000000   Number         0  defsig_abrt_outer.o ABSOLUTE
    ../clib/signal.c                         0x00000000   Number         0  defsig_abrt_formal.o ABSOLUTE
    ../clib/signal.c                         0x00000000   Number         0  defsig_exit.o ABSOLUTE
    ../clib/signal.c                         0x00000000   Number         0  defsig_abrt_inner.o ABSOLUTE
    ../clib/signal.c                         0x00000000   Number         0  __raise.o ABSOLUTE
    ../clib/signal.c                         0x00000000   Number         0  defsig_general.o ABSOLUTE
    ../clib/signal.c                         0x00000000   Number         0  defsig_fpe_inner.o ABSOLUTE
    ../clib/signal.c                         0x00000000   Number         0  defsig_rtred_inner.o ABSOLUTE
    ../clib/signal.c                         0x00000000   Number         0  defsig_rtmem_inner.o ABSOLUTE
    ../clib/signal.c                         0x00000000   Number         0  defsig_stak_inner.o ABSOLUTE
    ../clib/signal.c                         0x00000000   Number         0  defsig_pvfn_inner.o ABSOLUTE
    ../clib/signal.c                         0x00000000   Number         0  defsig_cppl_inner.o ABSOLUTE
    ../clib/signal.c                         0x00000000   Number         0  defsig_segv_inner.o ABSOLUTE
    ../clib/signal.c                         0x00000000   Number         0  defsig_other.o ABSOLUTE
    ../clib/signal.c                         0x00000000   Number         0  defsig_rtmem_outer.o ABSOLUTE
    ../clib/signal.c                         0x00000000   Number         0  defsig_rtmem_formal.o ABSOLUTE
    ../clib/signal.s                         0x00000000   Number         0  defsig.o ABSOLUTE
    ../clib/stdlib.c                         0x00000000   Number         0  abort.o ABSOLUTE
    ../clib/stdlib.c                         0x00000000   Number         0  exit.o ABSOLUTE
    ../fplib/fpinit.s                        0x00000000   Number         0  fpinit.o ABSOLUTE
    GPIO.c                                   0x00000000   Number         0  gpio.o ABSOLUTE
    RTE/Device/TM4C123GH6PM/startup_TM4C123.s 0x00000000   Number         0  startup_tm4c123.o ABSOLUTE
    application.c                            0x00000000   Number         0  application.o ABSOLUTE
    button.c                                 0x00000000   Number         0  button.o ABSOLUTE
    button_config.c                          0x00000000   Number         0  button_config.o ABSOLUTE
    dc.s                                     0x00000000   Number         0  dc.o ABSOLUTE
    led.c                                    0x00000000   Number         0  led.o ABSOLUTE
    led_config.c                             0x00000000   Number         0  led_config.o ABSOLUTE
    main.c                                   0x00000000   Number         0  main.o ABSOLUTE
    system_TM4C123.c                         0x00000000   Number         0  system_tm4c123.o ABSOLUTE
    systick.c                                0x00000000   Number         0  systick.o ABSOLUTE
    systick_config.c                         0x00000000   Number         0  systick_config.o ABSOLUTE
    timer.c                                  0x00000000   Number         0  timer.o ABSOLUTE
    timer_config.c                           0x00000000   Number         0  timer_config.o ABSOLUTE
    RESET                                    0x00000000   Section      620  startup_tm4c123.o(RESET)
    !!!main                                  0x0000026c   Section        8  __main.o(!!!main)
    !!!scatter                               0x00000274   Section       52  __scatter.o(!!!scatter)
    !!handler_copy                           0x000002a8   Section       26  __scatter_copy.o(!!handler_copy)
    !!handler_zi                             0x000002c4   Section       28  __scatter_zi.o(!!handler_zi)
    .ARM.Collect$$libinit$$00000000          0x000002e0   Section        2  libinit.o(.ARM.Collect$$libinit$$00000000)
    .ARM.Collect$$libinit$$00000001          0x000002e2   Section        4  libinit2.o(.ARM.Collect$$libinit$$00000001)
    .ARM.Collect$$libinit$$00000004          0x000002e6   Section        0  libinit2.o(.ARM.Collect$$libinit$$00000004)
    .ARM.Collect$$libinit$$00000006          0x000002e6   Section        0  libinit2.o(.ARM.Collect$$libinit$$00000006)
    .ARM.Collect$$libinit$$0000000C          0x000002e6   Section        0  libinit2.o(.ARM.Collect$$libinit$$0000000C)
    .ARM.Collect$$libinit$$0000000E          0x000002e6   Section        0  libinit2.o(.ARM.Collect$$libinit$$0000000E)
    .ARM.Collect$$libinit$$00000010          0x000002e6   Section        0  libinit2.o(.ARM.Collect$$libinit$$00000010)
    .ARM.Collect$$libinit$$00000013          0x000002e6   Section        0  libinit2.o(.ARM.Collect$$libinit$$00000013)
    .ARM.Collect$$libinit$$00000015          0x000002e6   Section        0  libinit2.o(.ARM.Collect$$libinit$$00000015)
    .ARM.Collect$$libinit$$00000017          0x000002e6   Section        0  libinit2.o(.ARM.Collect$$libinit$$00000017)
    .ARM.Collect$$libinit$$00000019          0x000002e6   Section        0  libinit2.o(.ARM.Collect$$libinit$$00000019)
    .ARM.Collect$$libinit$$0000001B          0x000002e6   Section        0  libinit2.o(.ARM.Collect$$libinit$$0000001B)
    .ARM.Collect$$libinit$$0000001D          0x000002e6   Section        0  libinit2.o(.ARM.Collect$$libinit$$0000001D)
    .ARM.Collect$$libinit$$0000001F          0x000002e6   Section        0  libinit2.o(.ARM.Collect$$libinit$$0000001F)
    .ARM.Collect$$libinit$$00000021          0x000002e6   Section        0  libinit2.o(.ARM.Collect$$libinit$$00000021)
    .ARM.Collect$$libinit$$00000023          0x000002e6   Section        0  libinit2.o(.ARM.Collect$$libinit$$00000023)
    .ARM.Collect$$libinit$$00000025          0x000002e6   Section        0  libinit2.o(.ARM.Collect$$libinit$$00000025)
    .ARM.Collect$$libinit$$00000027          0x000002e6   Section        0  libinit2.o(.ARM.Collect$$libinit$$00000027)
    .ARM.Collect$$libinit$$0000002E          0x000002e6   Section        0  libinit2.o(.ARM.Collect$$libinit$$0000002E)
    .ARM.Collect$$libinit$$00000030          0x000002e6   Section        0  libinit2.o(.ARM.Collect$$libinit$$00000030)
    .ARM.Collect$$libinit$$00000032          0x000002e6   Section        0  libinit2.o(.ARM.Collect$$libinit$$00000032)
    .ARM.Collect$$libinit$$00000034          0x000002e6   Section        0  libinit2.o(.ARM.Collect$$libinit$$00000034)
    .ARM.Collect$$libinit$$00000035          0x000002e6   Section        2  libinit2.o(.ARM.Collect$$libinit$$00000035)
    .ARM.Collect$$libshutdown$$00000000      0x000002e8   Section        2  libshutdown.o(.ARM.Collect$$libshutdown$$00000000)
    .ARM.Collect$$libshutdown$$00000002      0x000002ea   Section        0  libshutdown2.o(.ARM.Collect$$libshutdown$$00000002)
    .ARM.Collect$$libshutdown$$00000004      0x000002ea   Section        0  libshutdown2.o(.ARM.Collect$$libshutdown$$00000004)
    .ARM.Collect$$libshutdown$$00000007      0x000002ea   Section        0  libshutdown2.o(.ARM.Collect$$libshutdown$$00000007)
    .ARM.Collect$$libshutdown$$0000000A      0x000002ea   Section        0  libshutdown2.o(.ARM.Collect$$libshutdown$$0000000A)
    .ARM.Collect$$libshutdown$$0000000C      0x000002ea   Section        0  libshutdown2.o(.ARM.Collect$$libshutdown$$0000000C)
    .ARM.Collect$$libshutdown$$0000000F      0x000002ea   Section        0  libshutdown2.o(.ARM.Collect$$libshutdown$$0000000F)
    .ARM.Collect$$libshutdown$$00000010      0x000002ea   Section        2  libshutdown2.o(.ARM.Collect$$libshutdown$$00000010)
    .ARM.Collect$$rtentry$$00000000          0x000002ec   Section        0  __rtentry.o(.ARM.Collect$$rtentry$$00000000)
    .ARM.Collect$$rtentry$$00000002          0x000002ec   Section        0  __rtentry2.o(.ARM.Collect$$rtentry$$00000002)
    .ARM.Collect$$rtentry$$00000004          0x000002ec   Section        6  __rtentry4.o(.ARM.Collect$$rtentry$$00000004)
    .ARM.Collect$$rtentry$$00000009          0x000002f2   Section        0  __rtentry2.o(.ARM.Collect$$rtentry$$00000009)
    .ARM.Collect$$rtentry$$0000000A          0x000002f2   Section        4  __rtentry2.o(.ARM.Collect$$rtentry$$0000000A)
    .ARM.Collect$$rtentry$$0000000C          0x000002f6   Section        0  __rtentry2.o(.ARM.Collect$$rtentry$$0000000C)
    .ARM.Collect$$rtentry$$0000000D          0x000002f6   Section        8  __rtentry2.o(.ARM.Collect$$rtentry$$0000000D)
    .ARM.Collect$$rtexit$$00000000           0x000002fe   Section        2  rtexit.o(.ARM.Collect$$rtexit$$00000000)
    .ARM.Collect$$rtexit$$00000002           0x00000300   Section        0  rtexit2.o(.ARM.Collect$$rtexit$$00000002)
    .ARM.Collect$$rtexit$$00000003           0x00000300   Section        4  rtexit2.o(.ARM.Collect$$rtexit$$00000003)
    .ARM.Collect$$rtexit$$00000004           0x00000304   Section        6  rtexit2.o(.ARM.Collect$$rtexit$$00000004)
    $v0                                      0x0000030c   Number         0  startup_tm4c123.o(.text)
    .text                                    0x0000030c   Section      276  startup_tm4c123.o(.text)
    .text                                    0x00000420   Section        0  assert.o(.text)
    .text                                    0x000004a0   Section        0  heapauxi.o(.text)
    .text                                    0x000004a6   Section        0  abort.o(.text)
    .text                                    0x000004bc   Section        0  assert_puts.o(.text)
    .text                                    0x000004d0   Section        0  sys_wrch.o(.text)
    .text                                    0x000004e0   Section        0  sys_exit.o(.text)
    .text                                    0x000004ec   Section        0  defsig_abrt_outer.o(.text)
    .text                                    0x000004fa   Section        2  use_no_semi.o(.text)
    .text                                    0x000004fc   Section        0  indicate_semi.o(.text)
    .text                                    0x000004fc   Section       74  sys_stackheap_outer.o(.text)
    .text                                    0x00000546   Section        0  exit.o(.text)
    .text                                    0x00000558   Section        0  defsig_exit.o(.text)
    .text                                    0x00000564   Section        0  defsig_abrt_inner.o(.text)
    .text                                    0x00000594   Section        8  libspace.o(.text)
    .text                                    0x0000059c   Section        0  defsig_general.o(.text)
    [Anonymous Symbol]                       0x000005d0   Section        0  application.o(.text.APP_Init)
    [Anonymous Symbol]                       0x00000604   Section        0  application.o(.text.APP_Start)
    [Anonymous Symbol]                       0x000006f8   Section        0  button.o(.text.BUTTON_Init)
    ButtonInterrupt                          0x00000735   Thumb Code    16  application.o(.text.ButtonInterrupt)
    [Anonymous Symbol]                       0x00000734   Section        0  application.o(.text.ButtonInterrupt)
    [Anonymous Symbol]                       0x00000744   Section        0  gpio.o(.text.GPIOF_Handler)
    GPIO_ClearInterruptFlag                  0x0000076d   Thumb Code    82  gpio.o(.text.GPIO_ClearInterruptFlag)
    [Anonymous Symbol]                       0x0000076c   Section        0  gpio.o(.text.GPIO_ClearInterruptFlag)
    GPIO_DigitalEnable                       0x000007c1   Thumb Code    84  gpio.o(.text.GPIO_DigitalEnable)
    [Anonymous Symbol]                       0x000007c0   Section        0  gpio.o(.text.GPIO_DigitalEnable)
    GPIO_EnableClock                         0x00000815   Thumb Code    36  gpio.o(.text.GPIO_EnableClock)
    [Anonymous Symbol]                       0x00000814   Section        0  gpio.o(.text.GPIO_EnableClock)
    [Anonymous Symbol]                       0x00000838   Section        0  gpio.o(.text.GPIO_Init)
    [Anonymous Symbol]                       0x0000094c   Section        0  gpio.o(.text.GPIO_PortF_SetCallBack)
    GPIO_SetDirection                        0x00000961   Thumb Code   202  gpio.o(.text.GPIO_SetDirection)
    [Anonymous Symbol]                       0x00000960   Section        0  gpio.o(.text.GPIO_SetDirection)
    GPIO_SetDriveCurrent                     0x00000a2d   Thumb Code   776  gpio.o(.text.GPIO_SetDriveCurrent)
    [Anonymous Symbol]                       0x00000a2c   Section        0  gpio.o(.text.GPIO_SetDriveCurrent)
    GPIO_SetEdgeControl                      0x00000d35   Thumb Code   180  gpio.o(.text.GPIO_SetEdgeControl)
    [Anonymous Symbol]                       0x00000d34   Section        0  gpio.o(.text.GPIO_SetEdgeControl)
    GPIO_SetInterruptState                   0x00000de9   Thumb Code   190  gpio.o(.text.GPIO_SetInterruptState)
    [Anonymous Symbol]                       0x00000de8   Section        0  gpio.o(.text.GPIO_SetInterruptState)
    GPIO_SetPull                             0x00000ea9   Thumb Code   988  gpio.o(.text.GPIO_SetPull)
    [Anonymous Symbol]                       0x00000ea8   Section        0  gpio.o(.text.GPIO_SetPull)
    GPIO_SetSenseControl                     0x00001285   Thumb Code   180  gpio.o(.text.GPIO_SetSenseControl)
    [Anonymous Symbol]                       0x00001284   Section        0  gpio.o(.text.GPIO_SetSenseControl)
    [Anonymous Symbol]                       0x00001338   Section        0  gpio.o(.text.GPIO_WritePin)
    [Anonymous Symbol]                       0x00001604   Section        0  led.o(.text.LED_AllOff)
    [Anonymous Symbol]                       0x0000162c   Section        0  led.o(.text.LED_GreenOn)
    [Anonymous Symbol]                       0x00001654   Section        0  led.o(.text.Led_Init)
    [Anonymous Symbol]                       0x00001690   Section        0  system_tm4c123.o(.text.SystemInit)
    [Anonymous Symbol]                       0x0000179c   Section        0  timer.o(.text.TIMER_ClearTimeoutFlag)
    TIMER_CountDirection                     0x000017c5   Thumb Code    80  timer.o(.text.TIMER_CountDirection)
    [Anonymous Symbol]                       0x000017c4   Section        0  timer.o(.text.TIMER_CountDirection)
    [Anonymous Symbol]                       0x00001814   Section        0  timer.o(.text.TIMER_DelayMS)
    TIMER_DisableTimerX                      0x00001861   Thumb Code    30  timer.o(.text.TIMER_DisableTimerX)
    [Anonymous Symbol]                       0x00001860   Section        0  timer.o(.text.TIMER_DisableTimerX)
    TIMER_EnableClock                        0x00001881   Thumb Code   142  timer.o(.text.TIMER_EnableClock)
    [Anonymous Symbol]                       0x00001880   Section        0  timer.o(.text.TIMER_EnableClock)
    TIMER_EnableTimerX                       0x00001911   Thumb Code    30  timer.o(.text.TIMER_EnableTimerX)
    [Anonymous Symbol]                       0x00001910   Section        0  timer.o(.text.TIMER_EnableTimerX)
    [Anonymous Symbol]                       0x00001930   Section        0  timer.o(.text.TIMER_GetStatus)
    [Anonymous Symbol]                       0x00001978   Section        0  timer.o(.text.TIMER_Init)
    TIMER_LoadTimer                          0x000019cd   Thumb Code    28  timer.o(.text.TIMER_LoadTimer)
    [Anonymous Symbol]                       0x000019cc   Section        0  timer.o(.text.TIMER_LoadTimer)
    TIMER_OperationMode                      0x000019e9   Thumb Code   152  timer.o(.text.TIMER_OperationMode)
    [Anonymous Symbol]                       0x000019e8   Section        0  timer.o(.text.TIMER_OperationMode)
    TIMER_WidthSelect                        0x00001a81   Thumb Code    72  timer.o(.text.TIMER_WidthSelect)
    [Anonymous Symbol]                       0x00001a80   Section        0  timer.o(.text.TIMER_WidthSelect)
    __NVIC_EnableIRQ                         0x00001ac9   Thumb Code    48  gpio.o(.text.__NVIC_EnableIRQ)
    [Anonymous Symbol]                       0x00001ac8   Section        0  gpio.o(.text.__NVIC_EnableIRQ)
    [Anonymous Symbol]                       0x00001af8   Section        0  main.o(.text.main)
    $v0                                      0x00001b0c   Number         0  fpinit.o(x$fpl$fpinit)
    x$fpl$fpinit                             0x00001b0c   Section       26  fpinit.o(x$fpl$fpinit)
    .L.str.2                                 0x00001b26   Data         108  gpio.o(.rodata.str1.1)
    [Anonymous Symbol]                       0x00001b26   Section        0  gpio.o(.rodata.str1.1)
    .L.str                                   0x00001b92   Data         123  gpio.o(.rodata.str1.1)
    .L.str.3                                 0x00001c0d   Data          83  gpio.o(.rodata.str1.1)
    .L.str.1                                 0x00001c60   Data          17  gpio.o(.rodata.str1.1)
    .bss                                     0x20000038   Section       96  libspace.o(.bss)
    g_APP_SequenceState                      0x20000098   Data           1  application.o(.bss.g_APP_SequenceState)
    [Anonymous Symbol]                       0x20000098   Section        0  application.o(.bss.g_APP_SequenceState)
    g_fptr_GPIO_PortF_CallbackFunc           0x2000009c   Data           4  gpio.o(.bss.g_fptr_GPIO_PortF_CallbackFunc)
    [Anonymous Symbol]                       0x2000009c   Section        0  gpio.o(.bss.g_fptr_GPIO_PortF_CallbackFunc)
    Heap_Mem                                 0x200000a0   Data           0  startup_tm4c123.o(HEAP)
    Stack_Mem                                0x200000a0   Data         512  startup_tm4c123.o(STACK)
    HEAP                                     0x200000a0   Section        0  startup_tm4c123.o(HEAP)
    STACK                                    0x200000a0   Section      512  startup_tm4c123.o(STACK)
    __initial_sp                             0x200002a0   Data           0  startup_tm4c123.o(STACK)

    Global Symbols

    Symbol Name                              Value     Ov Type        Size  Object(Section)

    BuildAttributes$$THM_ISAv4$E$P$D$K$B$S$7EM$VFPi3$EXTD16$VFPS$VFMA$PE$A:L22UL41UL21$X:L11$S22US41US21$IEEE1$IW$~IW$USESV6$~STKCKD$USESV7$~SHL$OSPACE$ROPI$EBA8$UX$STANDARDLIB$REQ8$PRES8$EABIv2 0x00000000   Number         0  anon$$obj.o ABSOLUTE
    __Vectors                                0x00000000   Data           4  startup_tm4c123.o(RESET)
    __ARM_exceptions_init                     - Undefined Weak Reference
    __alloca_initialize                       - Undefined Weak Reference
    __arm_preinit_                            - Undefined Weak Reference
    __arm_relocate_pie_                       - Undefined Weak Reference
    __cpp_initialize__aeabi_                  - Undefined Weak Reference
    __cxa_finalize                            - Undefined Weak Reference
    __rt_locale                               - Undefined Weak Reference
    __sigvec_lookup                           - Undefined Weak Reference
    _atexit_init                              - Undefined Weak Reference
    _call_atexit_fns                          - Undefined Weak Reference
    _clock_init                               - Undefined Weak Reference
    _fp_trap_init                             - Undefined Weak Reference
    _fp_trap_shutdown                         - Undefined Weak Reference
    _get_lc_collate                           - Undefined Weak Reference
    _get_lc_ctype                             - Undefined Weak Reference
    _get_lc_monetary                          - Undefined Weak Reference
    _get_lc_numeric                           - Undefined Weak Reference
    _get_lc_time                              - Undefined Weak Reference
    _getenv_init                              - Undefined Weak Reference
    _handle_redirection                       - Undefined Weak Reference
    _init_alloc                               - Undefined Weak Reference
    _init_user_alloc                          - Undefined Weak Reference
    _initio                                   - Undefined Weak Reference
    _rand_init                                - Undefined Weak Reference
    _signal_finish                            - Undefined Weak Reference
    _signal_init                              - Undefined Weak Reference
    _terminate_alloc                          - Undefined Weak Reference
    _terminate_user_alloc                     - Undefined Weak Reference
    _terminateio                              - Undefined Weak Reference
    __Vectors_End                            0x0000026c   Data           0  startup_tm4c123.o(RESET)
    __Vectors_Size                           0x0000026c   Number         0  startup_tm4c123.o ABSOLUTE
    __main                                   0x0000026d   Thumb Code     8  __main.o(!!!main)
    __scatterload                            0x00000275   Thumb Code     0  __scatter.o(!!!scatter)
    __scatterload_rt2                        0x00000275   Thumb Code    44  __scatter.o(!!!scatter)
    __scatterload_rt2_thumb_only             0x00000275   Thumb Code     0  __scatter.o(!!!scatter)
    __scatterload_null                       0x00000283   Thumb Code     0  __scatter.o(!!!scatter)
    __scatterload_copy                       0x000002a9   Thumb Code    26  __scatter_copy.o(!!handler_copy)
    __scatterload_zeroinit                   0x000002c5   Thumb Code    28  __scatter_zi.o(!!handler_zi)
    __rt_lib_init                            0x000002e1   Thumb Code     0  libinit.o(.ARM.Collect$$libinit$$00000000)
    __rt_lib_init_fp_1                       0x000002e3   Thumb Code     0  libinit2.o(.ARM.Collect$$libinit$$00000001)
    __rt_lib_init_alloca_1                   0x000002e7   Thumb Code     0  libinit2.o(.ARM.Collect$$libinit$$00000030)
    __rt_lib_init_argv_1                     0x000002e7   Thumb Code     0  libinit2.o(.ARM.Collect$$libinit$$0000002E)
    __rt_lib_init_atexit_1                   0x000002e7   Thumb Code     0  libinit2.o(.ARM.Collect$$libinit$$0000001D)
    __rt_lib_init_clock_1                    0x000002e7   Thumb Code     0  libinit2.o(.ARM.Collect$$libinit$$00000023)
    __rt_lib_init_cpp_1                      0x000002e7   Thumb Code     0  libinit2.o(.ARM.Collect$$libinit$$00000034)
    __rt_lib_init_exceptions_1               0x000002e7   Thumb Code     0  libinit2.o(.ARM.Collect$$libinit$$00000032)
    __rt_lib_init_fp_trap_1                  0x000002e7   Thumb Code     0  libinit2.o(.ARM.Collect$$libinit$$00000021)
    __rt_lib_init_getenv_1                   0x000002e7   Thumb Code     0  libinit2.o(.ARM.Collect$$libinit$$00000025)
    __rt_lib_init_heap_1                     0x000002e7   Thumb Code     0  libinit2.o(.ARM.Collect$$libinit$$0000000C)
    __rt_lib_init_lc_collate_1               0x000002e7   Thumb Code     0  libinit2.o(.ARM.Collect$$libinit$$00000013)
    __rt_lib_init_lc_ctype_1                 0x000002e7   Thumb Code     0  libinit2.o(.ARM.Collect$$libinit$$00000015)
    __rt_lib_init_lc_monetary_1              0x000002e7   Thumb Code     0  libinit2.o(.ARM.Collect$$libinit$$00000017)
    __rt_lib_init_lc_numeric_1               0x000002e7   Thumb Code     0  libinit2.o(.ARM.Collect$$libinit$$00000019)
    __rt_lib_init_lc_time_1                  0x000002e7   Thumb Code     0  libinit2.o(.ARM.Collect$$libinit$$0000001B)
    __rt_lib_init_preinit_1                  0x000002e7   Thumb Code     0  libinit2.o(.ARM.Collect$$libinit$$00000006)
    __rt_lib_init_rand_1                     0x000002e7   Thumb Code     0  libinit2.o(.ARM.Collect$$libinit$$00000010)
    __rt_lib_init_relocate_pie_1             0x000002e7   Thumb Code     0  libinit2.o(.ARM.Collect$$libinit$$00000004)
    __rt_lib_init_return                     0x000002e7   Thumb Code     0  libinit2.o(.ARM.Collect$$libinit$$00000035)
    __rt_lib_init_signal_1                   0x000002e7   Thumb Code     0  libinit2.o(.ARM.Collect$$libinit$$0000001F)
    __rt_lib_init_stdio_1                    0x000002e7   Thumb Code     0  libinit2.o(.ARM.Collect$$libinit$$00000027)
    __rt_lib_init_user_alloc_1               0x000002e7   Thumb Code     0  libinit2.o(.ARM.Collect$$libinit$$0000000E)
    __rt_lib_shutdown                        0x000002e9   Thumb Code     0  libshutdown.o(.ARM.Collect$$libshutdown$$00000000)
    __rt_lib_shutdown_cpp_1                  0x000002eb   Thumb Code     0  libshutdown2.o(.ARM.Collect$$libshutdown$$00000002)
    __rt_lib_shutdown_fp_trap_1              0x000002eb   Thumb Code     0  libshutdown2.o(.ARM.Collect$$libshutdown$$00000007)
    __rt_lib_shutdown_heap_1                 0x000002eb   Thumb Code     0  libshutdown2.o(.ARM.Collect$$libshutdown$$0000000F)
    __rt_lib_shutdown_return                 0x000002eb   Thumb Code     0  libshutdown2.o(.ARM.Collect$$libshutdown$$00000010)
    __rt_lib_shutdown_signal_1               0x000002eb   Thumb Code     0  libshutdown2.o(.ARM.Collect$$libshutdown$$0000000A)
    __rt_lib_shutdown_stdio_1                0x000002eb   Thumb Code     0  libshutdown2.o(.ARM.Collect$$libshutdown$$00000004)
    __rt_lib_shutdown_user_alloc_1           0x000002eb   Thumb Code     0  libshutdown2.o(.ARM.Collect$$libshutdown$$0000000C)
    __rt_entry                               0x000002ed   Thumb Code     0  __rtentry.o(.ARM.Collect$$rtentry$$00000000)
    __rt_entry_presh_1                       0x000002ed   Thumb Code     0  __rtentry2.o(.ARM.Collect$$rtentry$$00000002)
    __rt_entry_sh                            0x000002ed   Thumb Code     0  __rtentry4.o(.ARM.Collect$$rtentry$$00000004)
    __rt_entry_li                            0x000002f3   Thumb Code     0  __rtentry2.o(.ARM.Collect$$rtentry$$0000000A)
    __rt_entry_postsh_1                      0x000002f3   Thumb Code     0  __rtentry2.o(.ARM.Collect$$rtentry$$00000009)
    __rt_entry_main                          0x000002f7   Thumb Code     0  __rtentry2.o(.ARM.Collect$$rtentry$$0000000D)
    __rt_entry_postli_1                      0x000002f7   Thumb Code     0  __rtentry2.o(.ARM.Collect$$rtentry$$0000000C)
    __rt_exit                                0x000002ff   Thumb Code     0  rtexit.o(.ARM.Collect$$rtexit$$00000000)
    __rt_exit_ls                             0x00000301   Thumb Code     0  rtexit2.o(.ARM.Collect$$rtexit$$00000003)
    __rt_exit_prels_1                        0x00000301   Thumb Code     0  rtexit2.o(.ARM.Collect$$rtexit$$00000002)
    __rt_exit_exit                           0x00000305   Thumb Code     0  rtexit2.o(.ARM.Collect$$rtexit$$00000004)
    Reset_Handler                            0x0000030d   Thumb Code     8  startup_tm4c123.o(.text)
    NMI_Handler                              0x00000315   Thumb Code     2  startup_tm4c123.o(.text)
    HardFault_Handler                        0x00000317   Thumb Code     2  startup_tm4c123.o(.text)
    MemManage_Handler                        0x00000319   Thumb Code     2  startup_tm4c123.o(.text)
    BusFault_Handler                         0x0000031b   Thumb Code     2  startup_tm4c123.o(.text)
    UsageFault_Handler                       0x0000031d   Thumb Code     2  startup_tm4c123.o(.text)
    SVC_Handler                              0x0000031f   Thumb Code     2  startup_tm4c123.o(.text)
    DebugMon_Handler                         0x00000321   Thumb Code     2  startup_tm4c123.o(.text)
    PendSV_Handler                           0x00000323   Thumb Code     2  startup_tm4c123.o(.text)
    SysTick_Handler                          0x00000325   Thumb Code     2  startup_tm4c123.o(.text)
    GPIOA_Handler                            0x00000327   Thumb Code     2  startup_tm4c123.o(.text)
    GPIOB_Handler                            0x00000329   Thumb Code     2  startup_tm4c123.o(.text)
    GPIOC_Handler                            0x0000032b   Thumb Code     2  startup_tm4c123.o(.text)
    GPIOD_Handler                            0x0000032d   Thumb Code     2  startup_tm4c123.o(.text)
    GPIOE_Handler                            0x0000032f   Thumb Code     2  startup_tm4c123.o(.text)
    UART0_Handler                            0x00000331   Thumb Code     2  startup_tm4c123.o(.text)
    UART1_Handler                            0x00000333   Thumb Code     2  startup_tm4c123.o(.text)
    SSI0_Handler                             0x00000335   Thumb Code     2  startup_tm4c123.o(.text)
    I2C0_Handler                             0x00000337   Thumb Code     2  startup_tm4c123.o(.text)
    PMW0_FAULT_Handler                       0x00000339   Thumb Code     2  startup_tm4c123.o(.text)
    PWM0_0_Handler                           0x0000033b   Thumb Code     2  startup_tm4c123.o(.text)
    PWM0_1_Handler                           0x0000033d   Thumb Code     2  startup_tm4c123.o(.text)
    PWM0_2_Handler                           0x0000033f   Thumb Code     2  startup_tm4c123.o(.text)
    QEI0_Handler                             0x00000341   Thumb Code     2  startup_tm4c123.o(.text)
    ADC0SS0_Handler                          0x00000343   Thumb Code     2  startup_tm4c123.o(.text)
    ADC0SS1_Handler                          0x00000345   Thumb Code     2  startup_tm4c123.o(.text)
    ADC0SS2_Handler                          0x00000347   Thumb Code     2  startup_tm4c123.o(.text)
    ADC0SS3_Handler                          0x00000349   Thumb Code     2  startup_tm4c123.o(.text)
    WDT0_Handler                             0x0000034b   Thumb Code     2  startup_tm4c123.o(.text)
    TIMER0A_Handler                          0x0000034d   Thumb Code     2  startup_tm4c123.o(.text)
    TIMER0B_Handler                          0x0000034f   Thumb Code     2  startup_tm4c123.o(.text)
    TIMER1A_Handler                          0x00000351   Thumb Code     2  startup_tm4c123.o(.text)
    TIMER1B_Handler                          0x00000353   Thumb Code     2  startup_tm4c123.o(.text)
    TIMER2A_Handler                          0x00000355   Thumb Code     2  startup_tm4c123.o(.text)
    TIMER2B_Handler                          0x00000357   Thumb Code     2  startup_tm4c123.o(.text)
    COMP0_Handler                            0x00000359   Thumb Code     2  startup_tm4c123.o(.text)
    COMP1_Handler                            0x0000035b   Thumb Code     2  startup_tm4c123.o(.text)
    COMP2_Handler                            0x0000035d   Thumb Code     2  startup_tm4c123.o(.text)
    SYSCTL_Handler                           0x0000035f   Thumb Code     2  startup_tm4c123.o(.text)
    FLASH_Handler                            0x00000361   Thumb Code     2  startup_tm4c123.o(.text)
    GPIOG_Handler                            0x00000365   Thumb Code     2  startup_tm4c123.o(.text)
    GPIOH_Handler                            0x00000367   Thumb Code     2  startup_tm4c123.o(.text)
    UART2_Handler                            0x00000369   Thumb Code     2  startup_tm4c123.o(.text)
    SSI1_Handler                             0x0000036b   Thumb Code     2  startup_tm4c123.o(.text)
    TIMER3A_Handler                          0x0000036d   Thumb Code     2  startup_tm4c123.o(.text)
    TIMER3B_Handler                          0x0000036f   Thumb Code     2  startup_tm4c123.o(.text)
    I2C1_Handler                             0x00000371   Thumb Code     2  startup_tm4c123.o(.text)
    QEI1_Handler                             0x00000373   Thumb Code     2  startup_tm4c123.o(.text)
    CAN0_Handler                             0x00000375   Thumb Code     2  startup_tm4c123.o(.text)
    CAN1_Handler                             0x00000377   Thumb Code     2  startup_tm4c123.o(.text)
    CAN2_Handler                             0x00000379   Thumb Code     2  startup_tm4c123.o(.text)
    HIB_Handler                              0x0000037b   Thumb Code     2  startup_tm4c123.o(.text)
    USB0_Handler                             0x0000037d   Thumb Code     2  startup_tm4c123.o(.text)
    PWM0_3_Handler                           0x0000037f   Thumb Code     2  startup_tm4c123.o(.text)
    UDMA_Handler                             0x00000381   Thumb Code     2  startup_tm4c123.o(.text)
    UDMAERR_Handler                          0x00000383   Thumb Code     2  startup_tm4c123.o(.text)
    ADC1SS0_Handler                          0x00000385   Thumb Code     2  startup_tm4c123.o(.text)
    ADC1SS1_Handler                          0x00000387   Thumb Code     2  startup_tm4c123.o(.text)
    ADC1SS2_Handler                          0x00000389   Thumb Code     2  startup_tm4c123.o(.text)
    ADC1SS3_Handler                          0x0000038b   Thumb Code     2  startup_tm4c123.o(.text)
    GPIOJ_Handler                            0x0000038d   Thumb Code     2  startup_tm4c123.o(.text)
    GPIOK_Handler                            0x0000038f   Thumb Code     2  startup_tm4c123.o(.text)
    GPIOL_Handler                            0x00000391   Thumb Code     2  startup_tm4c123.o(.text)
    SSI2_Handler                             0x00000393   Thumb Code     2  startup_tm4c123.o(.text)
    SSI3_Handler                             0x00000395   Thumb Code     2  startup_tm4c123.o(.text)
    UART3_Handler                            0x00000397   Thumb Code     2  startup_tm4c123.o(.text)
    UART4_Handler                            0x00000399   Thumb Code     2  startup_tm4c123.o(.text)
    UART5_Handler                            0x0000039b   Thumb Code     2  startup_tm4c123.o(.text)
    UART6_Handler                            0x0000039d   Thumb Code     2  startup_tm4c123.o(.text)
    UART7_Handler                            0x0000039f   Thumb Code     2  startup_tm4c123.o(.text)
    I2C2_Handler                             0x000003a1   Thumb Code     2  startup_tm4c123.o(.text)
    I2C3_Handler                             0x000003a3   Thumb Code     2  startup_tm4c123.o(.text)
    TIMER4A_Handler                          0x000003a5   Thumb Code     2  startup_tm4c123.o(.text)
    TIMER4B_Handler                          0x000003a7   Thumb Code     2  startup_tm4c123.o(.text)
    TIMER5A_Handler                          0x000003a9   Thumb Code     2  startup_tm4c123.o(.text)
    TIMER5B_Handler                          0x000003ab   Thumb Code     2  startup_tm4c123.o(.text)
    WTIMER0A_Handler                         0x000003ad   Thumb Code     2  startup_tm4c123.o(.text)
    WTIMER0B_Handler                         0x000003af   Thumb Code     2  startup_tm4c123.o(.text)
    WTIMER1A_Handler                         0x000003b1   Thumb Code     2  startup_tm4c123.o(.text)
    WTIMER1B_Handler                         0x000003b3   Thumb Code     2  startup_tm4c123.o(.text)
    WTIMER2A_Handler                         0x000003b5   Thumb Code     2  startup_tm4c123.o(.text)
    WTIMER2B_Handler                         0x000003b7   Thumb Code     2  startup_tm4c123.o(.text)
    WTIMER3A_Handler                         0x000003b9   Thumb Code     2  startup_tm4c123.o(.text)
    WTIMER3B_Handler                         0x000003bb   Thumb Code     2  startup_tm4c123.o(.text)
    WTIMER4A_Handler                         0x000003bd   Thumb Code     2  startup_tm4c123.o(.text)
    WTIMER4B_Handler                         0x000003bf   Thumb Code     2  startup_tm4c123.o(.text)
    WTIMER5A_Handler                         0x000003c1   Thumb Code     2  startup_tm4c123.o(.text)
    WTIMER5B_Handler                         0x000003c3   Thumb Code     2  startup_tm4c123.o(.text)
    FPU_Handler                              0x000003c5   Thumb Code     2  startup_tm4c123.o(.text)
    I2C4_Handler                             0x000003c7   Thumb Code     2  startup_tm4c123.o(.text)
    I2C5_Handler                             0x000003c9   Thumb Code     2  startup_tm4c123.o(.text)
    GPIOM_Handler                            0x000003cb   Thumb Code     2  startup_tm4c123.o(.text)
    GPION_Handler                            0x000003cd   Thumb Code     2  startup_tm4c123.o(.text)
    QEI2_Handler                             0x000003cf   Thumb Code     2  startup_tm4c123.o(.text)
    GPIOP0_Handler                           0x000003d1   Thumb Code     2  startup_tm4c123.o(.text)
    GPIOP1_Handler                           0x000003d3   Thumb Code     2  startup_tm4c123.o(.text)
    GPIOP2_Handler                           0x000003d5   Thumb Code     2  startup_tm4c123.o(.text)
    GPIOP3_Handler                           0x000003d7   Thumb Code     2  startup_tm4c123.o(.text)
    GPIOP4_Handler                           0x000003d9   Thumb Code     2  startup_tm4c123.o(.text)
    GPIOP5_Handler                           0x000003db   Thumb Code     2  startup_tm4c123.o(.text)
    GPIOP6_Handler                           0x000003dd   Thumb Code     2  startup_tm4c123.o(.text)
    GPIOP7_Handler                           0x000003df   Thumb Code     2  startup_tm4c123.o(.text)
    GPIOQ0_Handler                           0x000003e1   Thumb Code     2  startup_tm4c123.o(.text)
    GPIOQ1_Handler                           0x000003e3   Thumb Code     2  startup_tm4c123.o(.text)
    GPIOQ2_Handler                           0x000003e5   Thumb Code     2  startup_tm4c123.o(.text)
    GPIOQ3_Handler                           0x000003e7   Thumb Code     2  startup_tm4c123.o(.text)
    GPIOQ4_Handler                           0x000003e9   Thumb Code     2  startup_tm4c123.o(.text)
    GPIOQ5_Handler                           0x000003eb   Thumb Code     2  startup_tm4c123.o(.text)
    GPIOQ6_Handler                           0x000003ed   Thumb Code     2  startup_tm4c123.o(.text)
    GPIOQ7_Handler                           0x000003ef   Thumb Code     2  startup_tm4c123.o(.text)
    GPIOR_Handler                            0x000003f1   Thumb Code     2  startup_tm4c123.o(.text)
    GPIOS_Handler                            0x000003f3   Thumb Code     2  startup_tm4c123.o(.text)
    PMW1_0_Handler                           0x000003f5   Thumb Code     2  startup_tm4c123.o(.text)
    PWM1_1_Handler                           0x000003f7   Thumb Code     2  startup_tm4c123.o(.text)
    PWM1_2_Handler                           0x000003f9   Thumb Code     2  startup_tm4c123.o(.text)
    PWM1_3_Handler                           0x000003fb   Thumb Code     2  startup_tm4c123.o(.text)
    PWM1_FAULT_Handler                       0x000003fd   Thumb Code     2  startup_tm4c123.o(.text)
    __user_initial_stackheap                 0x00000401   Thumb Code     0  startup_tm4c123.o(.text)
    __aeabi_assert                           0x00000421   Thumb Code    86  assert.o(.text)
    __assert                                 0x00000421   Thumb Code     0  assert.o(.text)
    __use_two_region_memory                  0x000004a1   Thumb Code     2  heapauxi.o(.text)
    __rt_heap_escrow$2region                 0x000004a3   Thumb Code     2  heapauxi.o(.text)
    __rt_heap_expand$2region                 0x000004a5   Thumb Code     2  heapauxi.o(.text)
    abort                                    0x000004a7   Thumb Code    22  abort.o(.text)
    __assert_puts                            0x000004bd   Thumb Code    20  assert_puts.o(.text)
    _ttywrch                                 0x000004d1   Thumb Code    14  sys_wrch.o(.text)
    _sys_exit                                0x000004e1   Thumb Code     8  sys_exit.o(.text)
    __rt_SIGABRT                             0x000004ed   Thumb Code    14  defsig_abrt_outer.o(.text)
    __I$use$semihosting                      0x000004fb   Thumb Code     0  use_no_semi.o(.text)
    __use_no_semihosting_swi                 0x000004fb   Thumb Code     2  use_no_semi.o(.text)
    __semihosting_library_function           0x000004fd   Thumb Code     0  indicate_semi.o(.text)
    __user_setup_stackheap                   0x000004fd   Thumb Code    74  sys_stackheap_outer.o(.text)
    exit                                     0x00000547   Thumb Code    18  exit.o(.text)
    __sig_exit                               0x00000559   Thumb Code    10  defsig_exit.o(.text)
    __rt_SIGABRT_inner                       0x00000565   Thumb Code    14  defsig_abrt_inner.o(.text)
    __user_libspace                          0x00000595   Thumb Code     8  libspace.o(.text)
    __user_perproc_libspace                  0x00000595   Thumb Code     0  libspace.o(.text)
    __user_perthread_libspace                0x00000595   Thumb Code     0  libspace.o(.text)
    __default_signal_display                 0x0000059d   Thumb Code    50  defsig_general.o(.text)
    APP_Init                                 0x000005d1   Thumb Code    52  application.o(.text.APP_Init)
    APP_Start                                0x00000605   Thumb Code   242  application.o(.text.APP_Start)
    BUTTON_Init                              0x000006f9   Thumb Code    60  button.o(.text.BUTTON_Init)
    GPIOF_Handler                            0x00000745   Thumb Code    40  gpio.o(.text.GPIOF_Handler)
    GPIO_Init                                0x00000839   Thumb Code   274  gpio.o(.text.GPIO_Init)
    GPIO_PortF_SetCallBack                   0x0000094d   Thumb Code    20  gpio.o(.text.GPIO_PortF_SetCallBack)
    GPIO_WritePin                            0x00001339   Thumb Code   714  gpio.o(.text.GPIO_WritePin)
    LED_AllOff                               0x00001605   Thumb Code    40  led.o(.text.LED_AllOff)
    LED_GreenOn                              0x0000162d   Thumb Code    40  led.o(.text.LED_GreenOn)
    Led_Init                                 0x00001655   Thumb Code    60  led.o(.text.Led_Init)
    SystemInit                               0x00001691   Thumb Code   268  system_tm4c123.o(.text.SystemInit)
    TIMER_ClearTimeoutFlag                   0x0000179d   Thumb Code    40  timer.o(.text.TIMER_ClearTimeoutFlag)
    TIMER_DelayMS                            0x00001815   Thumb Code    74  timer.o(.text.TIMER_DelayMS)
    TIMER_GetStatus                          0x00001931   Thumb Code    72  timer.o(.text.TIMER_GetStatus)
    TIMER_Init                               0x00001979   Thumb Code    82  timer.o(.text.TIMER_Init)
    main                                     0x00001af9   Thumb Code    20  main.o(.text.main)
    _fp_init                                 0x00001b0d   Thumb Code    26  fpinit.o(x$fpl$fpinit)
    __fplib_config_fpu_vfp                   0x00001b25   Thumb Code     0  fpinit.o(x$fpl$fpinit)
    __fplib_config_pureend_doubles           0x00001b25   Thumb Code     0  fpinit.o(x$fpl$fpinit)
    Region$$Table$$Base                      0x00001c74   Number         0  anon$$obj.o(Region$$Table)
    Region$$Table$$Limit                     0x00001c94   Number         0  anon$$obj.o(Region$$Table)
    AppStages                                0x20000000   Data          12  application.o(.data.AppStages)
    myTimerConfig                            0x2000000c   Data          12  timer_config.o(.data.myTimerConfig)
    usr_button_config                        0x20000018   Data           8  button_config.o(.data.usr_button_config)
    usr_led_config                           0x20000020   Data          24  led_config.o(.data.usr_led_config)
    __libspace_start                         0x20000038   Data          96  libspace.o(.bss)
    __temporary_stack_top$libspace           0x20000098   Data           0  libspace.o(.bss)



==============================================================================

Memory Map of the image

  Image Entry point : 0x0000026d

  Load Region LR_IROM1 (Base: 0x00000000, Size: 0x00001cd0, Max: 0x00040000, ABSOLUTE)

    Execution Region ER_IROM1 (Exec base: 0x00000000, Load base: 0x00000000, Size: 0x00001c94, Max: 0x00040000, ABSOLUTE)

    Exec Addr    Load Addr    Size         Type   Attr      Idx    E Section Name        Object

    0x00000000   0x00000000   0x0000026c   Data   RO          173    RESET               startup_tm4c123.o
    0x0000026c   0x0000026c   0x00000008   Code   RO          200  * !!!main             c_w.l(__main.o)
    0x00000274   0x00000274   0x00000034   Code   RO          373    !!!scatter          c_w.l(__scatter.o)
    0x000002a8   0x000002a8   0x0000001a   Code   RO          375    !!handler_copy      c_w.l(__scatter_copy.o)
    0x000002c2   0x000002c2   0x00000002   PAD
    0x000002c4   0x000002c4   0x0000001c   Code   RO          377    !!handler_zi        c_w.l(__scatter_zi.o)
    0x000002e0   0x000002e0   0x00000002   Code   RO          252    .ARM.Collect$$libinit$$00000000  c_w.l(libinit.o)
    0x000002e2   0x000002e2   0x00000004   Code   RO          262    .ARM.Collect$$libinit$$00000001  c_w.l(libinit2.o)
    0x000002e6   0x000002e6   0x00000000   Code   RO          265    .ARM.Collect$$libinit$$00000004  c_w.l(libinit2.o)
    0x000002e6   0x000002e6   0x00000000   Code   RO          267    .ARM.Collect$$libinit$$00000006  c_w.l(libinit2.o)
    0x000002e6   0x000002e6   0x00000000   Code   RO          270    .ARM.Collect$$libinit$$0000000C  c_w.l(libinit2.o)
    0x000002e6   0x000002e6   0x00000000   Code   RO          272    .ARM.Collect$$libinit$$0000000E  c_w.l(libinit2.o)
    0x000002e6   0x000002e6   0x00000000   Code   RO          274    .ARM.Collect$$libinit$$00000010  c_w.l(libinit2.o)
    0x000002e6   0x000002e6   0x00000000   Code   RO          277    .ARM.Collect$$libinit$$00000013  c_w.l(libinit2.o)
    0x000002e6   0x000002e6   0x00000000   Code   RO          279    .ARM.Collect$$libinit$$00000015  c_w.l(libinit2.o)
    0x000002e6   0x000002e6   0x00000000   Code   RO          281    .ARM.Collect$$libinit$$00000017  c_w.l(libinit2.o)
    0x000002e6   0x000002e6   0x00000000   Code   RO          283    .ARM.Collect$$libinit$$00000019  c_w.l(libinit2.o)
    0x000002e6   0x000002e6   0x00000000   Code   RO          285    .ARM.Collect$$libinit$$0000001B  c_w.l(libinit2.o)
    0x000002e6   0x000002e6   0x00000000   Code   RO          287    .ARM.Collect$$libinit$$0000001D  c_w.l(libinit2.o)
    0x000002e6   0x000002e6   0x00000000   Code   RO          289    .ARM.Collect$$libinit$$0000001F  c_w.l(libinit2.o)
    0x000002e6   0x000002e6   0x00000000   Code   RO          291    .ARM.Collect$$libinit$$00000021  c_w.l(libinit2.o)
    0x000002e6   0x000002e6   0x00000000   Code   RO          293    .ARM.Collect$$libinit$$00000023  c_w.l(libinit2.o)
    0x000002e6   0x000002e6   0x00000000   Code   RO          295    .ARM.Collect$$libinit$$00000025  c_w.l(libinit2.o)
    0x000002e6   0x000002e6   0x00000000   Code   RO          297    .ARM.Collect$$libinit$$00000027  c_w.l(libinit2.o)
    0x000002e6   0x000002e6   0x00000000   Code   RO          301    .ARM.Collect$$libinit$$0000002E  c_w.l(libinit2.o)
    0x000002e6   0x000002e6   0x00000000   Code   RO          303    .ARM.Collect$$libinit$$00000030  c_w.l(libinit2.o)
    0x000002e6   0x000002e6   0x00000000   Code   RO          305    .ARM.Collect$$libinit$$00000032  c_w.l(libinit2.o)
    0x000002e6   0x000002e6   0x00000000   Code   RO          307    .ARM.Collect$$libinit$$00000034  c_w.l(libinit2.o)
    0x000002e6   0x000002e6   0x00000002   Code   RO          308    .ARM.Collect$$libinit$$00000035  c_w.l(libinit2.o)
    0x000002e8   0x000002e8   0x00000002   Code   RO          344    .ARM.Collect$$libshutdown$$00000000  c_w.l(libshutdown.o)
    0x000002ea   0x000002ea   0x00000000   Code   RO          356    .ARM.Collect$$libshutdown$$00000002  c_w.l(libshutdown2.o)
    0x000002ea   0x000002ea   0x00000000   Code   RO          358    .ARM.Collect$$libshutdown$$00000004  c_w.l(libshutdown2.o)
    0x000002ea   0x000002ea   0x00000000   Code   RO          361    .ARM.Collect$$libshutdown$$00000007  c_w.l(libshutdown2.o)
    0x000002ea   0x000002ea   0x00000000   Code   RO          364    .ARM.Collect$$libshutdown$$0000000A  c_w.l(libshutdown2.o)
    0x000002ea   0x000002ea   0x00000000   Code   RO          366    .ARM.Collect$$libshutdown$$0000000C  c_w.l(libshutdown2.o)
    0x000002ea   0x000002ea   0x00000000   Code   RO          369    .ARM.Collect$$libshutdown$$0000000F  c_w.l(libshutdown2.o)
    0x000002ea   0x000002ea   0x00000002   Code   RO          370    .ARM.Collect$$libshutdown$$00000010  c_w.l(libshutdown2.o)
    0x000002ec   0x000002ec   0x00000000   Code   RO          202    .ARM.Collect$$rtentry$$00000000  c_w.l(__rtentry.o)
    0x000002ec   0x000002ec   0x00000000   Code   RO          216    .ARM.Collect$$rtentry$$00000002  c_w.l(__rtentry2.o)
    0x000002ec   0x000002ec   0x00000006   Code   RO          228    .ARM.Collect$$rtentry$$00000004  c_w.l(__rtentry4.o)
    0x000002f2   0x000002f2   0x00000000   Code   RO          218    .ARM.Collect$$rtentry$$00000009  c_w.l(__rtentry2.o)
    0x000002f2   0x000002f2   0x00000004   Code   RO          219    .ARM.Collect$$rtentry$$0000000A  c_w.l(__rtentry2.o)
    0x000002f6   0x000002f6   0x00000000   Code   RO          221    .ARM.Collect$$rtentry$$0000000C  c_w.l(__rtentry2.o)
    0x000002f6   0x000002f6   0x00000008   Code   RO          222    .ARM.Collect$$rtentry$$0000000D  c_w.l(__rtentry2.o)
    0x000002fe   0x000002fe   0x00000002   Code   RO          256    .ARM.Collect$$rtexit$$00000000  c_w.l(rtexit.o)
    0x00000300   0x00000300   0x00000000   Code   RO          310    .ARM.Collect$$rtexit$$00000002  c_w.l(rtexit2.o)
    0x00000300   0x00000300   0x00000004   Code   RO          311    .ARM.Collect$$rtexit$$00000003  c_w.l(rtexit2.o)
    0x00000304   0x00000304   0x00000006   Code   RO          312    .ARM.Collect$$rtexit$$00000004  c_w.l(rtexit2.o)
    0x0000030a   0x0000030a   0x00000002   PAD
    0x0000030c   0x0000030c   0x00000114   Code   RO          174    .text               startup_tm4c123.o
    0x00000420   0x00000420   0x00000080   Code   RO          196    .text               c_w.l(assert.o)
    0x000004a0   0x000004a0   0x00000006   Code   RO          198    .text               c_w.l(heapauxi.o)
    0x000004a6   0x000004a6   0x00000016   Code   RO          203    .text               c_w.l(abort.o)
    0x000004bc   0x000004bc   0x00000014   Code   RO          205    .text               c_w.l(assert_puts.o)
    0x000004d0   0x000004d0   0x0000000e   Code   RO          207    .text               c_w.l(sys_wrch.o)
    0x000004de   0x000004de   0x00000002   PAD
    0x000004e0   0x000004e0   0x0000000c   Code   RO          209    .text               c_w.l(sys_exit.o)
    0x000004ec   0x000004ec   0x0000000e   Code   RO          230    .text               c_w.l(defsig_abrt_outer.o)
    0x000004fa   0x000004fa   0x00000002   Code   RO          234    .text               c_w.l(use_no_semi.o)
    0x000004fc   0x000004fc   0x00000000   Code   RO          236    .text               c_w.l(indicate_semi.o)
    0x000004fc   0x000004fc   0x0000004a   Code   RO          237    .text               c_w.l(sys_stackheap_outer.o)
    0x00000546   0x00000546   0x00000012   Code   RO          241    .text               c_w.l(exit.o)
    0x00000558   0x00000558   0x0000000a   Code   RO          243    .text               c_w.l(defsig_exit.o)
    0x00000562   0x00000562   0x00000002   PAD
    0x00000564   0x00000564   0x00000030   Code   RO          245    .text               c_w.l(defsig_abrt_inner.o)
    0x00000594   0x00000594   0x00000008   Code   RO          253    .text               c_w.l(libspace.o)
    0x0000059c   0x0000059c   0x00000032   Code   RO          260    .text               c_w.l(defsig_general.o)
    0x000005ce   0x000005ce   0x00000002   PAD
    0x000005d0   0x000005d0   0x00000034   Code   RO           94    .text.APP_Init      application.o
    0x00000604   0x00000604   0x000000f2   Code   RO           98    .text.APP_Start     application.o
    0x000006f6   0x000006f6   0x00000002   PAD
    0x000006f8   0x000006f8   0x0000003c   Code   RO           75    .text.BUTTON_Init   button.o
    0x00000734   0x00000734   0x00000010   Code   RO           96    .text.ButtonInterrupt  application.o
    0x00000744   0x00000744   0x00000028   Code   RO           28    .text.GPIOF_Handler  gpio.o
    0x0000076c   0x0000076c   0x00000052   Code   RO           20    .text.GPIO_ClearInterruptFlag  gpio.o
    0x000007be   0x000007be   0x00000002   PAD
    0x000007c0   0x000007c0   0x00000054   Code   RO           12    .text.GPIO_DigitalEnable  gpio.o
    0x00000814   0x00000814   0x00000024   Code   RO            4    .text.GPIO_EnableClock  gpio.o
    0x00000838   0x00000838   0x00000112   Code   RO            2    .text.GPIO_Init     gpio.o
    0x0000094a   0x0000094a   0x00000002   PAD
    0x0000094c   0x0000094c   0x00000014   Code   RO           26    .text.GPIO_PortF_SetCallBack  gpio.o
    0x00000960   0x00000960   0x000000ca   Code   RO            6    .text.GPIO_SetDirection  gpio.o
    0x00000a2a   0x00000a2a   0x00000002   PAD
    0x00000a2c   0x00000a2c   0x00000308   Code   RO            8    .text.GPIO_SetDriveCurrent  gpio.o
    0x00000d34   0x00000d34   0x000000b4   Code   RO           18    .text.GPIO_SetEdgeControl  gpio.o
    0x00000de8   0x00000de8   0x000000be   Code   RO           14    .text.GPIO_SetInterruptState  gpio.o
    0x00000ea6   0x00000ea6   0x00000002   PAD
    0x00000ea8   0x00000ea8   0x000003dc   Code   RO           10    .text.GPIO_SetPull  gpio.o
    0x00001284   0x00001284   0x000000b4   Code   RO           16    .text.GPIO_SetSenseControl  gpio.o
    0x00001338   0x00001338   0x000002ca   Code   RO           24    .text.GPIO_WritePin  gpio.o
    0x00001602   0x00001602   0x00000002   PAD
    0x00001604   0x00001604   0x00000028   Code   RO           60    .text.LED_AllOff    led.o
    0x0000162c   0x0000162c   0x00000028   Code   RO           56    .text.LED_GreenOn   led.o
    0x00001654   0x00001654   0x0000003c   Code   RO           50    .text.Led_Init      led.o
    0x00001690   0x00001690   0x0000010c   Code   RO          185    .text.SystemInit    system_tm4c123.o
    0x0000179c   0x0000179c   0x00000028   Code   RO          137    .text.TIMER_ClearTimeoutFlag  timer.o
    0x000017c4   0x000017c4   0x00000050   Code   RO          149    .text.TIMER_CountDirection  timer.o
    0x00001814   0x00001814   0x0000004a   Code   RO          157    .text.TIMER_DelayMS  timer.o
    0x0000185e   0x0000185e   0x00000002   PAD
    0x00001860   0x00001860   0x0000001e   Code   RO          143    .text.TIMER_DisableTimerX  timer.o
    0x0000187e   0x0000187e   0x00000002   PAD
    0x00001880   0x00001880   0x0000008e   Code   RO          141    .text.TIMER_EnableClock  timer.o
    0x0000190e   0x0000190e   0x00000002   PAD
    0x00001910   0x00001910   0x0000001e   Code   RO          153    .text.TIMER_EnableTimerX  timer.o
    0x0000192e   0x0000192e   0x00000002   PAD
    0x00001930   0x00001930   0x00000048   Code   RO          155    .text.TIMER_GetStatus  timer.o
    0x00001978   0x00001978   0x00000052   Code   RO          139    .text.TIMER_Init    timer.o
    0x000019ca   0x000019ca   0x00000002   PAD
    0x000019cc   0x000019cc   0x0000001c   Code   RO          151    .text.TIMER_LoadTimer  timer.o
    0x000019e8   0x000019e8   0x00000098   Code   RO          147    .text.TIMER_OperationMode  timer.o
    0x00001a80   0x00001a80   0x00000048   Code   RO          145    .text.TIMER_WidthSelect  timer.o
    0x00001ac8   0x00001ac8   0x00000030   Code   RO           30    .text.__NVIC_EnableIRQ  gpio.o
    0x00001af8   0x00001af8   0x00000014   Code   RO           41    .text.main          main.o
    0x00001b0c   0x00001b0c   0x0000001a   Code   RO          320    x$fpl$fpinit        fz_wm.l(fpinit.o)
    0x00001b26   0x00001b26   0x0000014b   Data   RO           32    .rodata.str1.1      gpio.o
    0x00001c71   0x00001c71   0x00000003   PAD
    0x00001c74   0x00001c74   0x00000020   Data   RO          372    Region$$Table       anon$$obj.o


    Execution Region RW_IRAM1 (Exec base: 0x20000000, Load base: 0x00001c98, Size: 0x000002a0, Max: 0x00008000, ABSOLUTE)

    Exec Addr    Load Addr    Size         Type   Attr      Idx    E Section Name        Object

    0x20000000   0x00001c98   0x0000000c   Data   RW          100    .data.AppStages     application.o
    0x2000000c   0x00001ca4   0x0000000c   Data   RW          166    .data.myTimerConfig  timer_config.o
    0x20000018   0x00001cb0   0x00000008   Data   RW           88    .data.usr_button_config  button_config.o
    0x20000020   0x00001cb8   0x00000018   Data   RW           69    .data.usr_led_config  led_config.o
    0x20000038        -       0x00000060   Zero   RW          254    .bss                c_w.l(libspace.o)
    0x20000098        -       0x00000001   Zero   RW          101    .bss.g_APP_SequenceState  application.o
    0x20000099   0x00001cd0   0x00000003   PAD
    0x2000009c        -       0x00000004   Zero   RW           33    .bss.g_fptr_GPIO_PortF_CallbackFunc  gpio.o
    0x200000a0        -       0x00000000   Zero   RW          172    HEAP                startup_tm4c123.o
    0x200000a0        -       0x00000200   Zero   RW          171    STACK               startup_tm4c123.o


==============================================================================

Image component sizes


      Code (inc. data)   RO Data    RW Data    ZI Data      Debug   Object Name

       310          6          0         12          1       1073   application.o
        60          0          0          0          0       2126   button.o
         0          0          0          8          0       1456   button_config.o
      3814          6        331          0          4       7931   gpio.o
       140          0          0          0          0       2263   led.o
         0          0          0         24          0       1441   led_config.o
        20          0          0          0          0        340   main.o
       276         24        620          0        512       5452   startup_tm4c123.o
       268          0          0          0          0       6713   system_tm4c123.o
       802          6          0          0          0       2909   timer.o
         0          0          0         12          0       1014   timer_config.o

    ----------------------------------------------------------------------
      5712         42        986         56        520      32718   Object Totals
         0          0         32          0          0          0   (incl. Generated)
        22          0          3          0          3          0   (incl. Padding)

    ----------------------------------------------------------------------

      Code (inc. data)   RO Data    RW Data    ZI Data      Debug   Library Member Name

         8          0          0          0          0         68   __main.o
         0          0          0          0          0          0   __rtentry.o
        12          0          0          0          0          0   __rtentry2.o
         6          0          0          0          0          0   __rtentry4.o
        52          8          0          0          0          0   __scatter.o
        26          0          0          0          0          0   __scatter_copy.o
        28          0          0          0          0          0   __scatter_zi.o
        22          0          0          0          0         80   abort.o
       128         42          0          0          0         76   assert.o
        20          0          0          0          0         76   assert_puts.o
        48         34          0          0          0         76   defsig_abrt_inner.o
        14          0          0          0          0         80   defsig_abrt_outer.o
        10          0          0          0          0         68   defsig_exit.o
        50          0          0          0          0         88   defsig_general.o
        18          0          0          0          0         80   exit.o
         6          0          0          0          0        152   heapauxi.o
         0          0          0          0          0          0   indicate_semi.o
         2          0          0          0          0          0   libinit.o
         6          0          0          0          0          0   libinit2.o
         2          0          0          0          0          0   libshutdown.o
         2          0          0          0          0          0   libshutdown2.o
         8          4          0          0         96         68   libspace.o
         2          0          0          0          0          0   rtexit.o
        10          0          0          0          0          0   rtexit2.o
        12          4          0          0          0         68   sys_exit.o
        74          0          0          0          0         80   sys_stackheap_outer.o
        14          0          0          0          0         76   sys_wrch.o
         2          0          0          0          0         68   use_no_semi.o
        26          0          0          0          0        116   fpinit.o

    ----------------------------------------------------------------------
       618         92          0          0         96       1320   Library Totals
        10          0          0          0          0          0   (incl. Padding)

    ----------------------------------------------------------------------

      Code (inc. data)   RO Data    RW Data    ZI Data      Debug   Library Name

       582         92          0          0         96       1204   c_w.l
        26          0          0          0          0        116   fz_wm.l

    ----------------------------------------------------------------------
       618         92          0          0         96       1320   Library Totals

    ----------------------------------------------------------------------

==============================================================================


      Code (inc. data)   RO Data    RW Data    ZI Data      Debug   

      6330        134        986         56        616      33346   Grand Totals
      6330        134        986         56        616      33346   ELF Image Totals
      6330        134        986         56          0          0   ROM Totals

==============================================================================

    Total RO  Size (Code + RO Data)                 7316 (   7.14kB)
    Total RW  Size (RW Data + ZI Data)               672 (   0.66kB)
    Total ROM Size (Code + RO Data + RW Data)       7372 (   7.20kB)

==============================================================================

